Archive member included to satisfy reference by file (symbol)

/usr/lib/gcc/arm-none-eabi/7.3.1/libgcc.a(_aeabi_uldivmod.o)
                              ./fakefat32.o (__aeabi_uldivmod)
/usr/lib/gcc/arm-none-eabi/7.3.1/libgcc.a(_udivmoddi4.o)
                              /usr/lib/gcc/arm-none-eabi/7.3.1/libgcc.a(_aeabi_uldivmod.o) (__udivmoddi4)
/usr/lib/gcc/arm-none-eabi/7.3.1/libgcc.a(_dvmd_tls.o)
                              /usr/lib/gcc/arm-none-eabi/7.3.1/libgcc.a(_aeabi_uldivmod.o) (__aeabi_ldiv0)
/usr/lib/gcc/arm-none-eabi/7.3.1/libgcc.a(_clzdi2.o)
                              /usr/lib/gcc/arm-none-eabi/7.3.1/libgcc.a(_udivmoddi4.o) (__clzdi2)
/usr/lib/gcc/arm-none-eabi/7.3.1/libgcc.a(_clzsi2.o)
                              /usr/lib/gcc/arm-none-eabi/7.3.1/libgcc.a(_clzdi2.o) (__clzsi2)
/usr/lib/gcc/arm-none-eabi/7.3.1/../../../arm-none-eabi/lib/libc.a(lib_a-atexit.o)
                              /usr/lib/gcc/arm-none-eabi/7.3.1/../../../arm-none-eabi/lib/crt0.o (atexit)
/usr/lib/gcc/arm-none-eabi/7.3.1/../../../arm-none-eabi/lib/libc.a(lib_a-ctype_.o)
                              ./fakefat32.o (_ctype_)
/usr/lib/gcc/arm-none-eabi/7.3.1/../../../arm-none-eabi/lib/libc.a(lib_a-exit.o)
                              /usr/lib/gcc/arm-none-eabi/7.3.1/../../../arm-none-eabi/lib/crt0.o (exit)
/usr/lib/gcc/arm-none-eabi/7.3.1/../../../arm-none-eabi/lib/libc.a(lib_a-fini.o)
                              /usr/lib/gcc/arm-none-eabi/7.3.1/../../../arm-none-eabi/lib/crt0.o (__libc_fini_array)
/usr/lib/gcc/arm-none-eabi/7.3.1/../../../arm-none-eabi/lib/libc.a(lib_a-impure.o)
                              /usr/lib/gcc/arm-none-eabi/7.3.1/../../../arm-none-eabi/lib/libc.a(lib_a-exit.o) (_global_impure_ptr)
/usr/lib/gcc/arm-none-eabi/7.3.1/../../../arm-none-eabi/lib/libc.a(lib_a-init.o)
                              /usr/lib/gcc/arm-none-eabi/7.3.1/../../../arm-none-eabi/lib/crt0.o (__libc_init_array)
/usr/lib/gcc/arm-none-eabi/7.3.1/../../../arm-none-eabi/lib/libc.a(lib_a-malloc.o)
                              ./compiler_string.o (malloc)
/usr/lib/gcc/arm-none-eabi/7.3.1/../../../arm-none-eabi/lib/libc.a(lib_a-mallocr.o)
                              /usr/lib/gcc/arm-none-eabi/7.3.1/../../../arm-none-eabi/lib/libc.a(lib_a-malloc.o) (_malloc_r)
/usr/lib/gcc/arm-none-eabi/7.3.1/../../../arm-none-eabi/lib/libc.a(lib_a-mlock.o)
                              /usr/lib/gcc/arm-none-eabi/7.3.1/../../../arm-none-eabi/lib/libc.a(lib_a-mallocr.o) (__malloc_lock)
/usr/lib/gcc/arm-none-eabi/7.3.1/../../../arm-none-eabi/lib/libc.a(lib_a-sbrkr.o)
                              /usr/lib/gcc/arm-none-eabi/7.3.1/../../../arm-none-eabi/lib/libc.a(lib_a-mallocr.o) (_sbrk_r)
/usr/lib/gcc/arm-none-eabi/7.3.1/../../../arm-none-eabi/lib/libc.a(lib_a-__atexit.o)
                              /usr/lib/gcc/arm-none-eabi/7.3.1/../../../arm-none-eabi/lib/libc.a(lib_a-atexit.o) (__register_exitproc)
/usr/lib/gcc/arm-none-eabi/7.3.1/../../../arm-none-eabi/lib/libc.a(lib_a-__call_atexit.o)
                              /usr/lib/gcc/arm-none-eabi/7.3.1/../../../arm-none-eabi/lib/libc.a(lib_a-exit.o) (__call_exitprocs)
/usr/lib/gcc/arm-none-eabi/7.3.1/../../../arm-none-eabi/lib/libc.a(lib_a-freer.o)
                              /usr/lib/gcc/arm-none-eabi/7.3.1/../../../arm-none-eabi/lib/libc.a(lib_a-malloc.o) (_free_r)
/usr/lib/gcc/arm-none-eabi/7.3.1/../../../arm-none-eabi/lib/libc.a(lib_a-reent.o)
                              /usr/lib/gcc/arm-none-eabi/7.3.1/../../../arm-none-eabi/lib/libc.a(lib_a-sbrkr.o) (errno)

Allocating common symbols
Common symbol       size              file

errno               0x4               /usr/lib/gcc/arm-none-eabi/7.3.1/../../../arm-none-eabi/lib/libc.a(lib_a-reent.o)

Discarded input sections

 .text          0x0000000000000000        0x0 /usr/lib/gcc/arm-none-eabi/7.3.1/crti.o
 .data          0x0000000000000000        0x0 /usr/lib/gcc/arm-none-eabi/7.3.1/crti.o
 .bss           0x0000000000000000        0x0 /usr/lib/gcc/arm-none-eabi/7.3.1/crti.o
 .text          0x0000000000000000       0xdc /usr/lib/gcc/arm-none-eabi/7.3.1/crtbegin.o
 .data          0x0000000000000000        0x4 /usr/lib/gcc/arm-none-eabi/7.3.1/crtbegin.o
 .bss           0x0000000000000000       0x1c /usr/lib/gcc/arm-none-eabi/7.3.1/crtbegin.o
 .init_array    0x0000000000000000        0x4 /usr/lib/gcc/arm-none-eabi/7.3.1/crtbegin.o
 .fini_array    0x0000000000000000        0x4 /usr/lib/gcc/arm-none-eabi/7.3.1/crtbegin.o
 .eh_frame      0x0000000000000000        0x0 /usr/lib/gcc/arm-none-eabi/7.3.1/crtbegin.o
 .tm_clone_table
                0x0000000000000000        0x0 /usr/lib/gcc/arm-none-eabi/7.3.1/crtbegin.o
 .comment       0x0000000000000000       0x58 /usr/lib/gcc/arm-none-eabi/7.3.1/crtbegin.o
 .ARM.attributes
                0x0000000000000000       0x30 /usr/lib/gcc/arm-none-eabi/7.3.1/crtbegin.o
 .text          0x0000000000000000      0x104 /usr/lib/gcc/arm-none-eabi/7.3.1/../../../arm-none-eabi/lib/crt0.o
[...]
Memory Configuration

Name             Origin             Length             Attributes
RAM              0x0000000020000000 0x0000000000005000 xrw
FLASH            0x0000000008000000 0x0000000000020000 xr
FLASHB1          0x0000000000000000 0x0000000000000000 xr
EXTMEMB0         0x0000000000000000 0x0000000000000000 xr
EXTMEMB1         0x0000000000000000 0x0000000000000000 xr
EXTMEMB2         0x0000000000000000 0x0000000000000000 xr
EXTMEMB3         0x0000000000000000 0x0000000000000000 xr
*default*        0x0000000000000000 0xffffffffffffffff

Linker script and memory map

LOAD /usr/lib/gcc/arm-none-eabi/7.3.1/crti.o
LOAD /usr/lib/gcc/arm-none-eabi/7.3.1/crtbegin.o
LOAD /usr/lib/gcc/arm-none-eabi/7.3.1/../../../arm-none-eabi/lib/crt0.o
LOAD ./startup_stm32f10x_md.o
LOAD ./core_cm3.o
LOAD ./system_stm32f10x.o
LOAD ./misc.o
LOAD ./stm32f10x_dma.o
LOAD ./stm32f10x_gpio.o
LOAD ./stm32f10x_rcc.o
LOAD ./stm32f10x_spi.o
LOAD ./stm32f10x_tim.o
LOAD ./usb_mem.o
LOAD ./usb_regs.o
LOAD ./main.o
LOAD ./usb_protocol_Versaloon.o
LOAD ./vsfusbd_Versaloon.o
LOAD ./compiler_string.o
LOAD ./syscall.o
LOAD ./stlink.o
LOAD ./adi_v5p1.o
LOAD ./cm_common.o
LOAD ./app_interfaces.o
LOAD ./GPIO.o
LOAD ./CLKO.o
LOAD ./USART.o
LOAD ./SPI.o
LOAD ./SDIO.o
LOAD ./JTAG_TAP.o
LOAD ./SWD.o
LOAD ./SWIM.o
LOAD ./DUSI.o
LOAD ./MicroWire.o
LOAD ./PowerExt.o
LOAD ./IIC.o
LOAD ./C2.o
LOAD ./ISSP.o
LOAD ./LPC_ICP.o
LOAD ./MSP430_JTAG.o
LOAD ./BDM.o
LOAD ./PWM.o
LOAD ./EBI.o
LOAD ./ADC.o
LOAD ./interfaces.o
LOAD ./core.o
LOAD ./STM32_CLKO.o
LOAD ./STM32_GPIO.o
LOAD ./STM32_USBD.o
LOAD ./STM32_SPI.o
LOAD ./STM32_TIM.o
LOAD ./STM32_EINT.o
LOAD ./STM32_ADC.o
LOAD ./STM32_USART.o
LOAD ./STM32_EBI.o
LOAD ./STM32_FLASH.o
LOAD ./STM32_SDIO.o
LOAD ./usart_stream.o
LOAD ./stream.o
LOAD ./mal.o
LOAD ./vsf_usbd.o
LOAD ./vsfusbd_CDC.o
LOAD ./vsfusbd_CDCACM.o
LOAD ./vsfusbd_HID.o
LOAD ./vsfusbd_MSC_BOT.o
LOAD ./SCSI.o
LOAD ./buffer.o
LOAD ./fakefat32.o
LOAD ./crc.o
LOAD ./USB_TO_XXX.o
LOAD ./USB_TO_CLKO.o
LOAD ./USB_TO_USART.o
LOAD ./USB_TO_SPI.o
LOAD ./USB_TO_IIC.o
LOAD ./USB_TO_GPIO.o
LOAD ./USB_TO_PWM.o
LOAD ./USB_TO_ADC.o
LOAD ./USB_TO_DAC.o
LOAD ./USB_TO_POWER.o
LOAD ./USB_TO_C2.o
LOAD ./USB_TO_ISSP.o
LOAD ./USB_TO_LPCICP.o
LOAD ./USB_TO_MSP430_JTAG.o
LOAD ./USB_TO_JTAG_HL.o
LOAD ./USB_TO_SWD.o
LOAD ./USB_TO_JTAG_LL.o
LOAD ./USB_TO_SWIM.o
LOAD ./USB_TO_JTAG_RAW.o
LOAD ./USB_TO_BDM.o
LOAD ./USB_TO_DUSI.o
LOAD ./USB_TO_MICROWIRE.o
LOAD ./USB_TO_EBI.o
LOAD ./CommandProcessor.o
START GROUP
LOAD /usr/lib/gcc/arm-none-eabi/7.3.1/libgcc.a
LOAD /usr/lib/gcc/arm-none-eabi/7.3.1/../../../arm-none-eabi/lib/libc.a
END GROUP
LOAD /usr/lib/gcc/arm-none-eabi/7.3.1/crtend.o
LOAD /usr/lib/gcc/arm-none-eabi/7.3.1/crtn.o
                0x0000000000000400                _Stack_Size = 0x400
                0x0000000000000000                _Heap_Size = 0x0
                [!provide]                        PROVIDE (Undefined_Handler = 0x0)
                [!provide]                        PROVIDE (SWI_Handler = 0x0)
                [!provide]                        PROVIDE (IRQ_Handler = 0x0)
                [!provide]                        PROVIDE (Prefetch_Handler = 0x0)
                [!provide]                        PROVIDE (Abort_Handler = 0x0)
                [!provide]                        PROVIDE (FIQ_Handler = 0x0)
                [!provide]                        PROVIDE (NMIException = 0x0)
                [!provide]                        PROVIDE (HardFaultException = 0x0)
                [!provide]                        PROVIDE (MemManageException = 0x0)
                [!provide]                        PROVIDE (BusFaultException = 0x0)
                [!provide]                        PROVIDE (UsageFaultException = 0x0)
                [!provide]                        PROVIDE (SVCHandler = 0x0)
                [!provide]                        PROVIDE (DebugMonitor = 0x0)
                [!provide]                        PROVIDE (PendSVC = 0x0)
                [!provide]                        PROVIDE (SysTickHandler = 0x0)
                [!provide]                        PROVIDE (WWDG_IRQHandler = 0x0)
                [!provide]                        PROVIDE (PVD_IRQHandler = 0x0)
                [!provide]                        PROVIDE (TAMPER_IRQHandler = 0x0)
                [!provide]                        PROVIDE (RTC_IRQHandler = 0x0)
                [!provide]                        PROVIDE (FLASH_IRQHandler = 0x0)
                [!provide]                        PROVIDE (RCC_IRQHandler = 0x0)
                [!provide]                        PROVIDE (EXTI0_IRQHandler = 0x0)
                [!provide]                        PROVIDE (EXTI1_IRQHandler = 0x0)
                [!provide]                        PROVIDE (EXTI2_IRQHandler = 0x0)
                [!provide]                        PROVIDE (EXTI3_IRQHandler = 0x0)
                [!provide]                        PROVIDE (EXTI4_IRQHandler = 0x0)
                [!provide]                        PROVIDE (DMAChannel1_IRQHandler = 0x0)
                [!provide]                        PROVIDE (DMAChannel2_IRQHandler = 0x0)
                [!provide]                        PROVIDE (DMAChannel3_IRQHandler = 0x0)
                [!provide]                        PROVIDE (DMAChannel4_IRQHandler = 0x0)
                [!provide]                        PROVIDE (DMAChannel5_IRQHandler = 0x0)
                [!provide]                        PROVIDE (DMAChannel6_IRQHandler = 0x0)
                [!provide]                        PROVIDE (DMAChannel7_IRQHandler = 0x0)
                [!provide]                        PROVIDE (ADC_IRQHandler = 0x0)
                [!provide]                        PROVIDE (USB_HP_CAN_TX_IRQHandler = 0x0)
                [!provide]                        PROVIDE (USB_LP_CAN_RX0_IRQHandler = 0x0)
                [!provide]                        PROVIDE (CAN_RX1_IRQHandler = 0x0)
                [!provide]                        PROVIDE (CAN_SCE_IRQHandler = 0x0)
                [!provide]                        PROVIDE (EXTI9_5_IRQHandler = 0x0)
                [!provide]                        PROVIDE (TIM1_BRK_IRQHandler = 0x0)
                [!provide]                        PROVIDE (TIM1_UP_IRQHandler = 0x0)
                [!provide]                        PROVIDE (TIM1_TRG_COM_IRQHandler = 0x0)
                [!provide]                        PROVIDE (TIM1_CC_IRQHandler = 0x0)
                [!provide]                        PROVIDE (TIM2_IRQHandler = 0x0)
                [!provide]                        PROVIDE (TIM3_IRQHandler = 0x0)
                [!provide]                        PROVIDE (TIM4_IRQHandler = 0x0)
                [!provide]                        PROVIDE (I2C1_EV_IRQHandler = 0x0)
                [!provide]                        PROVIDE (I2C1_ER_IRQHandler = 0x0)
                [!provide]                        PROVIDE (I2C2_EV_IRQHandler = 0x0)
                [!provide]                        PROVIDE (I2C2_ER_IRQHandler = 0x0)
                [!provide]                        PROVIDE (SPI1_IRQHandler = 0x0)
                [!provide]                        PROVIDE (SPI2_IRQHandler = 0x0)
                [!provide]                        PROVIDE (USART1_IRQHandler = 0x0)
                [!provide]                        PROVIDE (USART2_IRQHandler = 0x0)
                [!provide]                        PROVIDE (USART3_IRQHandler = 0x0)
                [!provide]                        PROVIDE (EXTI15_10_IRQHandler = 0x0)
                [!provide]                        PROVIDE (RTCAlarm_IRQHandler = 0x0)
                [!provide]                        PROVIDE (USBWakeUp_IRQHandler = 0x0)
                0x0000000042000000                PERIPH_BB_BASE = 0x42000000
                0x0000000022000000                SRAM_BB_BASE = 0x22000000
                0x0000000020000000                SRAM_BASE = 0x20000000
                0x0000000040000000                PERIPH_BASE = 0x40000000
                [!provide]                        PROVIDE (FLASH_BASE = 0x40022000)
                [!provide]                        PROVIDE (OB_BASE = 0x1ffff800)
                0x0000000040000000                APB1PERIPH_BASE = PERIPH_BASE
                0x0000000040010000                APB2PERIPH_BASE = (PERIPH_BASE + 0x10000)
                0x0000000040020000                AHBPERIPH_BASE = (PERIPH_BASE + 0x20000)
                [!provide]                        PROVIDE (TIM2 = (APB1PERIPH_BASE + 0x0))
                [!provide]                        PROVIDE (TIM3 = (APB1PERIPH_BASE + 0x400))
                [!provide]                        PROVIDE (TIM4 = (APB1PERIPH_BASE + 0x800))
                [!provide]                        PROVIDE (RTC = (APB1PERIPH_BASE + 0x2800))
                [!provide]                        PROVIDE (WWDG = (APB1PERIPH_BASE + 0x2c00))
                [!provide]                        PROVIDE (IWDG = (APB1PERIPH_BASE + 0x3000))
                [!provide]                        PROVIDE (SPI2 = (APB1PERIPH_BASE + 0x3800))
                [!provide]                        PROVIDE (USART2 = (APB1PERIPH_BASE + 0x4400))
                [!provide]                        PROVIDE (USART3 = (APB1PERIPH_BASE + 0x4800))
                [!provide]                        PROVIDE (I2C1 = (APB1PERIPH_BASE + 0x5400))
                [!provide]                        PROVIDE (I2C2 = (APB1PERIPH_BASE + 0x5800))
                [!provide]                        PROVIDE (CAN = (APB1PERIPH_BASE + 0x6400))
                [!provide]                        PROVIDE (BKP = (APB1PERIPH_BASE + 0x6c00))
                [!provide]                        PROVIDE (PWR = (APB1PERIPH_BASE + 0x7000))
                [!provide]                        PROVIDE (AFIO = (APB2PERIPH_BASE + 0x0))
                [!provide]                        PROVIDE (EXTI = (APB2PERIPH_BASE + 0x400))
                [!provide]                        PROVIDE (GPIOA = (APB2PERIPH_BASE + 0x800))
                [!provide]                        PROVIDE (GPIOB = (APB2PERIPH_BASE + 0xc00))
                [!provide]                        PROVIDE (GPIOC = (APB2PERIPH_BASE + 0x1000))
                [!provide]                        PROVIDE (GPIOD = (APB2PERIPH_BASE + 0x1400))
                [!provide]                        PROVIDE (GPIOE = (APB2PERIPH_BASE + 0x1800))
                [!provide]                        PROVIDE (ADC1 = (APB2PERIPH_BASE + 0x2400))
                [!provide]                        PROVIDE (ADC2 = (APB2PERIPH_BASE + 0x2800))
                [!provide]                        PROVIDE (TIM1 = (APB2PERIPH_BASE + 0x2c00))
                [!provide]                        PROVIDE (SPI1 = (APB2PERIPH_BASE + 0x3000))
                [!provide]                        PROVIDE (USART1 = (APB2PERIPH_BASE + 0x3800))
                [!provide]                        PROVIDE (DMA = (AHBPERIPH_BASE + 0x0))
                [!provide]                        PROVIDE (DMA_Channel1 = (AHBPERIPH_BASE + 0x8))
                [!provide]                        PROVIDE (DMA_Channel2 = (AHBPERIPH_BASE + 0x1c))
                [!provide]                        PROVIDE (DMA_Channel3 = (AHBPERIPH_BASE + 0x30))
                [!provide]                        PROVIDE (DMA_Channel4 = (AHBPERIPH_BASE + 0x44))
                [!provide]                        PROVIDE (DMA_Channel5 = (AHBPERIPH_BASE + 0x58))
                [!provide]                        PROVIDE (DMA_Channel6 = (AHBPERIPH_BASE + 0x6c))
                [!provide]                        PROVIDE (DMA_Channel7 = (AHBPERIPH_BASE + 0x80))
                [!provide]                        PROVIDE (RCC = (AHBPERIPH_BASE + 0x1000))
                0x00000000e000e000                SCS_BASE = 0xe000e000
                [!provide]                        PROVIDE (SysTick = (SCS_BASE + 0x10))
                [!provide]                        PROVIDE (NVIC = (SCS_BASE + 0x100))
                [!provide]                        PROVIDE (SCB = (SCS_BASE + 0xd00))
                0x0000000020005000                _estack = 0x20005000

.isr_vector     0x0000000008000000      0x10c
                0x0000000008000000                . = ALIGN (0x4)
 *(.isr_vector)
 .isr_vector    0x0000000008000000      0x10c ./startup_stm32f10x_md.o
                0x0000000008000000                g_pfnVectors
                0x000000000800010c                . = ALIGN (0x4)

.flashtext      0x000000000800010c        0x0
                0x000000000800010c                . = ALIGN (0x4)
 *(.flashtext)
                0x000000000800010c                . = ALIGN (0x4)

.text           0x0000000008000110     0xdd7c
                0x0000000008000110                . = ALIGN (0x4)
 *(.text)
 .text          0x0000000008000110       0x8a ./core_cm3.o
                0x0000000008000110                __get_PSP
                0x0000000008000118                __set_PSP
                0x000000000800011e                __get_MSP
                0x0000000008000126                __set_MSP
                0x000000000800012c                __get_BASEPRI
                0x0000000008000132                __set_BASEPRI
                0x0000000008000138                __get_PRIMASK
                0x000000000800013e                __set_PRIMASK
                0x0000000008000144                __get_FAULTMASK
                0x000000000800014a                __set_FAULTMASK
                0x0000000008000150                __get_CONTROL
                0x0000000008000156                __set_CONTROL
                0x000000000800015c                __REV
                0x0000000008000160                __REV16
                0x0000000008000164                __REVSH
                0x0000000008000168                __RBIT
                0x000000000800016e                __LDREXB
                0x0000000008000176                __LDREXH
                0x000000000800017e                __LDREXW
                0x0000000008000184                __STREXB
                0x000000000800018c                __STREXH
                0x0000000008000194                __STREXW
 *fill*         0x000000000800019a        0x2 
 .text          0x000000000800019c       0xb0 ./misc.o
                0x000000000800019c                NVIC_PriorityGroupConfig
                0x00000000080001b0                NVIC_Init
                0x0000000008000208                NVIC_SetVectorTable
                0x000000000800021c                NVIC_SystemLPConfig
                0x0000000008000234                SysTick_CLKSourceConfig
 .text          0x000000000800024c      0x1a8 ./stm32f10x_dma.o
                0x000000000800024c                DMA_DeInit
                0x000000000800033c                DMA_Init
                0x0000000008000378                DMA_StructInit
                0x0000000008000392                DMA_Cmd
                0x00000000080003a4                DMA_ITConfig
                0x00000000080003b4                DMA_GetCurrDataCounter
                0x00000000080003ba                DMA_GetFlagStatus
                0x00000000080003d8                DMA_ClearFlag
                0x00000000080003ec                DMA_GetITStatus
                0x00000000080003f0                DMA_ClearITPendingBit
 .text          0x00000000080003f4      0x288 ./stm32f10x_gpio.o
                0x00000000080003f4                GPIO_DeInit
                0x00000000080004ac                GPIO_AFIODeInit
                0x00000000080004c2                GPIO_Init
                0x0000000008000568                GPIO_StructInit
                0x0000000008000578                GPIO_ReadInputDataBit
                0x0000000008000584                GPIO_ReadInputData
                0x000000000800058a                GPIO_ReadOutputDataBit
                0x0000000008000596                GPIO_ReadOutputData
                0x000000000800059c                GPIO_SetBits
                0x00000000080005a0                GPIO_ResetBits
                0x00000000080005a4                GPIO_WriteBit
                0x00000000080005ae                GPIO_Write
                0x00000000080005b2                GPIO_PinLockConfig
                0x00000000080005c2                GPIO_EventOutputConfig
                0x00000000080005dc                GPIO_EventOutputCmd
                0x00000000080005e8                GPIO_PinRemapConfig
                0x0000000008000648                GPIO_EXTILineConfig
                0x0000000008000672                GPIO_ETH_MediaInterfaceConfig
 .text          0x000000000800067c      0x33c ./stm32f10x_rcc.o
                0x000000000800067c                RCC_DeInit
                0x00000000080006bc                RCC_HSEConfig
                0x00000000080006f4                RCC_AdjustHSICalibrationValue
                0x0000000008000708                RCC_HSICmd
                0x0000000008000714                RCC_PLLConfig
                0x0000000008000728                RCC_PLLCmd
                0x0000000008000734                RCC_SYSCLKConfig
                0x0000000008000748                RCC_GetSYSCLKSource
                0x0000000008000758                RCC_HCLKConfig
                0x000000000800076c                RCC_PCLK1Config
                0x0000000008000780                RCC_PCLK2Config
                0x0000000008000794                RCC_ITConfig
                0x00000000080007ac                RCC_USBCLKConfig
                0x00000000080007b8                RCC_ADCCLKConfig
                0x00000000080007cc                RCC_LSEConfig
                0x00000000080007ec                RCC_LSICmd
                0x00000000080007f8                RCC_RTCCLKConfig
                0x0000000008000808                RCC_RTCCLKCmd
                0x0000000008000814                RCC_GetClocksFreq
                0x0000000008000894                RCC_AHBPeriphClockCmd
                0x00000000080008ac                RCC_APB2PeriphClockCmd
                0x00000000080008c4                RCC_APB1PeriphClockCmd
                0x00000000080008dc                RCC_APB2PeriphResetCmd
                0x00000000080008f4                RCC_APB1PeriphResetCmd
                0x000000000800090c                RCC_BackupResetCmd
                0x0000000008000918                RCC_ClockSecuritySystemCmd
                0x0000000008000924                RCC_MCOConfig
                0x0000000008000930                RCC_GetFlagStatus
                0x0000000008000958                RCC_WaitForHSEStartUp
                0x0000000008000988                RCC_ClearFlag
                0x0000000008000998                RCC_GetITStatus
                0x00000000080009ac                RCC_ClearITPendingBit
 .text          0x00000000080009b8      0x290 ./stm32f10x_spi.o
                0x00000000080009b8                SPI_I2S_DeInit
                0x0000000008000a1c                SPI_Init
                0x0000000008000a58                I2S_Init
                0x0000000008000af2                SPI_StructInit
                0x0000000008000b0a                I2S_StructInit
                0x0000000008000b18                SPI_Cmd
                0x0000000008000b2e                I2S_Cmd
                0x0000000008000b44                SPI_I2S_ITConfig
                0x0000000008000b5c                SPI_I2S_DMACmd
                0x0000000008000b6c                SPI_I2S_SendData
                0x0000000008000b70                SPI_I2S_ReceiveData
                0x0000000008000b74                SPI_NSSInternalSoftwareConfig
                0x0000000008000b8e                SPI_SSOutputCmd
                0x0000000008000ba4                SPI_DataSizeConfig
                0x0000000008000bb8                SPI_TransmitCRC
                0x0000000008000bc2                SPI_CalculateCRC
                0x0000000008000bd8                SPI_GetCRC
                0x0000000008000be4                SPI_GetCRCPolynomial
                0x0000000008000be8                SPI_BiDirectionalLineConfig
                0x0000000008000c00                SPI_I2S_GetFlagStatus
                0x0000000008000c0c                SPI_I2S_ClearFlag
                0x0000000008000c14                SPI_I2S_GetITStatus
                0x0000000008000c38                SPI_I2S_ClearITPendingBit
 .text          0x0000000008000c48      0xb40 ./stm32f10x_tim.o
                0x0000000008000cba                TIM_DeInit
                0x0000000008000e84                TIM_TimeBaseInit
                0x0000000008000f18                TIM_OC1Init
                0x0000000008000f9c                TIM_OC2Init
                0x000000000800101c                TIM_OC3Init
                0x0000000008001098                TIM_OC4Init
                0x0000000008001100                TIM_BDTRConfig
                0x0000000008001120                TIM_TimeBaseStructInit
                0x0000000008001132                TIM_OCStructInit
                0x0000000008001146                TIM_ICStructInit
                0x0000000008001156                TIM_BDTRStructInit
                0x0000000008001168                TIM_Cmd
                0x000000000800117e                TIM_CtrlPWMOutputs
                0x0000000008001194                TIM_ITConfig
                0x00000000080011a4                TIM_GenerateEvent
                0x00000000080011a8                TIM_DMAConfig
                0x00000000080011b0                TIM_DMACmd
                0x00000000080011b4                TIM_InternalClockConfig
                0x00000000080011c2                TIM_ITRxExternalClockConfig
                0x00000000080011da                TIM_TIxExternalClockConfig
                0x000000000800120c                TIM_ETRConfig
                0x0000000008001220                TIM_ETRClockMode1Config
                0x0000000008001238                TIM_ETRClockMode2Config
                0x0000000008001248                TIM_PrescalerConfig
                0x000000000800124e                TIM_CounterModeConfig
                0x000000000800125e                TIM_SelectInputTrigger
                0x000000000800126e                TIM_EncoderInterfaceConfig
                0x00000000080012a8                TIM_ForcedOC1Config
                0x00000000080012b8                TIM_ForcedOC2Config
                0x00000000080012cc                TIM_ForcedOC3Config
                0x00000000080012dc                TIM_ForcedOC4Config
                0x00000000080012f0                TIM_ARRPreloadConfig
                0x0000000008001306                TIM_SelectCOM
                0x000000000800131c                TIM_SelectCCDMA
                0x0000000008001332                TIM_CCPreloadControl
                0x0000000008001348                TIM_OC1PreloadConfig
                0x0000000008001358                TIM_OC2PreloadConfig
                0x000000000800136c                TIM_OC3PreloadConfig
                0x000000000800137c                TIM_OC4PreloadConfig
                0x0000000008001390                TIM_OC1FastConfig
                0x00000000080013a0                TIM_OC2FastConfig
                0x00000000080013b4                TIM_OC3FastConfig
                0x00000000080013c4                TIM_OC4FastConfig
                0x00000000080013d8                TIM_ClearOC1Ref
                0x00000000080013e8                TIM_ClearOC2Ref
                0x00000000080013f8                TIM_ClearOC3Ref
                0x0000000008001408                TIM_ClearOC4Ref
                0x0000000008001418                TIM_OC1PolarityConfig
                0x0000000008001428                TIM_OC1NPolarityConfig
                0x0000000008001438                TIM_OC2PolarityConfig
                0x000000000800144c                TIM_OC2NPolarityConfig
                0x0000000008001460                TIM_OC3PolarityConfig
                0x0000000008001474                TIM_OC3NPolarityConfig
                0x0000000008001488                TIM_OC4PolarityConfig
                0x000000000800149c                TIM_CCxCmd
                0x00000000080014b8                TIM_CCxNCmd
                0x00000000080014d4                TIM_SelectOCxM
                0x0000000008001514                TIM_UpdateDisableConfig
                0x000000000800152a                TIM_UpdateRequestConfig
                0x0000000008001540                TIM_SelectHallSensor
                0x0000000008001556                TIM_SelectOnePulseMode
                0x000000000800156a                TIM_SelectOutputTrigger
                0x000000000800157e                TIM_SelectSlaveMode
                0x0000000008001592                TIM_SelectMasterSlaveMode
                0x00000000080015a6                TIM_SetCounter
                0x00000000080015aa                TIM_SetAutoreload
                0x00000000080015ae                TIM_SetCompare1
                0x00000000080015b2                TIM_SetCompare2
                0x00000000080015b6                TIM_SetCompare3
                0x00000000080015ba                TIM_SetCompare4
                0x00000000080015c0                TIM_SetIC1Prescaler
                0x00000000080015d4                TIM_SetIC2Prescaler
                0x00000000080015ec                TIM_PWMIConfig
                0x000000000800164c                TIM_SetIC3Prescaler
                0x0000000008001660                TIM_SetIC4Prescaler
                0x0000000008001678                TIM_ICInit
                0x0000000008001726                TIM_SetClockDivision
                0x000000000800173a                TIM_GetCapture1
                0x000000000800173e                TIM_GetCapture2
                0x0000000008001742                TIM_GetCapture3
                0x0000000008001746                TIM_GetCapture4
                0x000000000800174c                TIM_GetCounter
                0x0000000008001750                TIM_GetPrescaler
                0x0000000008001754                TIM_GetFlagStatus
                0x0000000008001760                TIM_ClearFlag
                0x0000000008001768                TIM_GetITStatus
                0x000000000800177e                TIM_ClearITPendingBit
 .text          0x0000000008001788       0x42 ./usb_mem.o
                0x0000000008001788                UserToPMABufferCopy
                0x00000000080017a6                PMAToUserBufferCopy
 *fill*         0x00000000080017ca        0x2 
 .text          0x00000000080017cc      0x6b8 ./usb_regs.o
                0x00000000080017cc                SetCNTR
                0x00000000080017d8                GetCNTR
                0x00000000080017e4                SetISTR
                0x00000000080017f0                GetISTR
                0x00000000080017fc                GetFNR
                0x0000000008001808                SetDADDR
                0x0000000008001814                GetDADDR
                0x0000000008001820                SetBTABLE
                0x0000000008001830                GetBTABLE
                0x000000000800183c                SetENDPOINT
                0x000000000800184a                GetENDPOINT
                0x000000000800185a                SetEPType
                0x0000000008001876                GetEPType
                0x0000000008001888                SetEPTxStatus
                0x00000000080018ba                SetEPRxStatus
                0x00000000080018ec                SetDouBleBuffEPStall
                0x0000000008001912                GetEPTxStatus
                0x0000000008001924                GetEPRxStatus
                0x0000000008001936                SetEPTxValid
                0x000000000800195c                SetEPRxValid
                0x0000000008001982                SetEP_KIND
                0x00000000080019a0                ClearEP_KIND
                0x00000000080019c0                Clear_Status_Out
                0x00000000080019c4                Set_Status_Out
                0x00000000080019c8                SetEPDoubleBuff
                0x00000000080019cc                ClearEPDoubleBuff
                0x00000000080019d0                GetTxStallStatus
                0x00000000080019ea                GetRxStallStatus
                0x0000000008001a04                ClearEP_CTR_RX
                0x0000000008001a20                ClearEP_CTR_TX
                0x0000000008001a3c                ToggleDTOG_RX
                0x0000000008001a5c                ToggleDTOG_TX
                0x0000000008001a7c                ClearDTOG_RX
                0x0000000008001aa2                ClearDTOG_TX
                0x0000000008001ac8                SetEPAddress
                0x0000000008001aea                GetEPAddress
                0x0000000008001afc                SetEPTxAddr
                0x0000000008001b1c                SetEPRxAddr
                0x0000000008001b3c                GetEPTxAddr
                0x0000000008001b58                GetEPRxAddr
                0x0000000008001b74                SetEPTxCount
                0x0000000008001b90                SetEPCountRxReg
                0x0000000008001bb6                SetEPRxCount
                0x0000000008001bf8                GetEPTxCount
                0x0000000008001c18                GetEPRxCount
                0x0000000008001c38                SetEPDblBuffAddr
                0x0000000008001c70                SetEPDblBuf0Addr
                0x0000000008001c74                SetEPDblBuf1Addr
                0x0000000008001c78                GetEPDblBuf0Addr
                0x0000000008001c7c                GetEPDblBuf1Addr
                0x0000000008001c80                SetEPDblBuffCount
                0x0000000008001d28                SetEPDblBuf0Count
                0x0000000008001d84                SetEPDblBuf1Count
                0x0000000008001de0                GetEPDblBuf0Count
                0x0000000008001de4                GetEPDblBuf1Count
                0x0000000008001de8                GetEPDblBufDir
                0x0000000008001e2c                FreeUserBuffer
                0x0000000008001e72                ToWord
                0x0000000008001e78                ByteSwap
 .text          0x0000000008001e84      0x220 ./usb_protocol_Versaloon.o
                0x0000000008001e84                VOM_set_line_coding
                0x0000000008001ee0                usb_protocol_init
                0x000000000800207c                usb_protocol_poll
 .text          0x00000000080020a4      0x1c8 ./vsfusbd_Versaloon.o
 .text          0x000000000800226c      0x152 ./compiler_string.o
                0x000000000800226c                strlen
                0x000000000800227c                strcmp
                0x0000000008002294                strcpy
                0x00000000080022ae                strncpy
                0x00000000080022d0                strchr
                0x00000000080022ea                strstr
                0x0000000008002316                strcat
                0x0000000008002334                strncat
                0x0000000008002358                strdup
                0x0000000008002370                memcpy
                0x0000000008002386                memcmp
                0x00000000080023aa                memset
 *fill*         0x00000000080023be        0x2 
 .text          0x00000000080023c0       0x40 ./syscall.o
                0x00000000080023c0                _sbrk
                0x00000000080023dc                _open
                0x00000000080023e2                _close
                0x00000000080023e6                _fstat
                0x00000000080023f0                _isatty
                0x00000000080023f4                _lseek
                0x00000000080023f8                _read
                0x00000000080023fc                _write
 .text          0x0000000008002400      0x264 ./app_interfaces.o
                0x0000000008002474                get_interface_name
                0x000000000800260c                GPIO_SetMode
                0x0000000008002654                interface_assert
 .text          0x0000000008002664      0x454 ./GPIO.o
                0x0000000008002664                gpio_init
                0x0000000008002670                gpio_fini
                0x0000000008002674                gpio_config
                0x000000000800285c                gpio_clear
                0x00000000080028d0                gpio_set
                0x0000000008002944                gpio_out
                0x0000000008002a0c                gpio_in
 .text          0x0000000008002ab8       0x8c ./CLKO.o
                0x0000000008002ab8                clko_init
                0x0000000008002ad4                clko_fini
                0x0000000008002af0                clko_config
                0x0000000008002b0c                clko_enable
                0x0000000008002b28                clko_disable
 .text          0x0000000008002b44       0xec ./USART.o
                0x0000000008002b44                usart_init
                0x0000000008002b58                usart_fini
                0x0000000008002b6c                usart_config
                0x0000000008002b88                usart_send
                0x0000000008002bb0                usart_receive
                0x0000000008002bd8                usart_status
                0x0000000008002c1c                usart_poll
 .text          0x0000000008002c30      0x2b8 ./SPI.o
                0x0000000008002d3c                spi_init
                0x0000000008002d48                spi_fini
                0x0000000008002d68                spi_config
                0x0000000008002e30                spi_select
                0x0000000008002e50                spi_deselect
                0x0000000008002e70                spi_io
 .text          0x0000000008002ee8      0xbfc ./JTAG_TAP.o
                0x00000000080036f0                jtaghl_init
                0x00000000080036fc                jtaghl_fini
                0x0000000008003706                jtaghl_config_speed
                0x0000000008003716                jtaghl_config_daisychain
                0x0000000008003738                jtaghl_config
                0x0000000008003758                jtaghl_tms
                0x00000000080037a4                jtaghl_runtest
                0x00000000080037e6                jtaghl_register_callback
                0x00000000080037fc                jtaghl_ir
                0x00000000080038dc                jtaghl_dr
                0x00000000080039a4                jtagll_init
                0x00000000080039a8                jtagll_fini
                0x00000000080039ac                jtagll_config
                0x00000000080039b0                jtagll_tms
                0x00000000080039e0                jtagll_tms_clocks
                0x0000000008003a08                jtagll_scan
                0x0000000008003aa4                jtagraw_init
                0x0000000008003aa8                jtagraw_fini
                0x0000000008003aac                jtagraw_config
                0x0000000008003abc                jtagraw_execute
 .text          0x0000000008003ae4      0x4b8 ./SWD.o
                0x0000000008003ae4                SWD_SeqIn_NoDelay
                0x0000000008003b44                SWD_SeqOut_NoDelay
                0x0000000008003b90                SWD_SeqIn_Delay
                0x0000000008003c1c                SWD_SeqOut_Delay
                0x0000000008003c9c                SWD_StopClock
                0x0000000008003cb8                SWD_Transaction
                0x0000000008003df8                SWD_Init
                0x0000000008003e20                SWD_Fini
                0x0000000008003e44                SWD_SetDelay
                0x0000000008003e74                SWD_SetTurnaround
                0x0000000008003e84                SWD_SetRetryCount
                0x0000000008003e90                swd_init
                0x0000000008003e9c                swd_fini
                0x0000000008003eb0                swd_config
                0x0000000008003edc                swd_seqout
                0x0000000008003f24                swd_seqin
                0x0000000008003f4c                swd_transact
 .text          0x0000000008003f9c      0x830 ./SWIM.o
                0x0000000008004094                swim_init
                0x00000000080040a0                swim_fini
                0x0000000008004128                swim_config
                0x0000000008004298                swim_srst
                0x00000000080042b4                swim_wotf
                0x0000000008004372                swim_rotf
                0x000000000800452c                swim_sync
                0x00000000080045f0                swim_enable
 .text          0x00000000080047cc      0x10c ./DUSI.o
                0x00000000080047cc                dusi_init
                0x00000000080047f0                dusi_fini
                0x0000000008004814                dusi_config
                0x000000000800487c                dusi_io
 .text          0x00000000080048d8      0x264 ./MicroWire.o
                0x0000000008004938                microwire_init
                0x0000000008004944                microwire_fini
                0x0000000008004984                microwire_config
                0x00000000080049e8                microwire_transport
                0x0000000008004ae4                microwire_poll
 .text          0x0000000008004b3c      0x1c8 ./PowerExt.o
                0x0000000008004b3c                PWREXT_Acquire
                0x0000000008004b74                PWREXT_Release
                0x0000000008004ba0                PWREXT_ForceRelease
                0x0000000008004bb4                PWREXT_GetState
                0x0000000008004bc0                target_voltage_get
                0x0000000008004bdc                target_voltage_poll
                0x0000000008004c78                target_voltage_set
 .text          0x0000000008004d04      0x4ac ./IIC.o
                0x0000000008004ec4                EMIIC_USBTOXXX_SetParameter
                0x0000000008004eec                EMIIC_USBTOXXX_Send
                0x0000000008004f56                EMIIC_USBTOXXX_Receive
                0x0000000008005088                EMIIC_USBTOXXX_Init
                0x00000000080050b0                EMIIC_USBTOXXX_DeInit
                0x00000000080050b4                iic_init
                0x00000000080050dc                iic_fini
                0x0000000008005114                iic_config
                0x0000000008005142                iic_read
                0x000000000800517c                iic_write
 .text          0x00000000080051b0      0x410 ./C2.o
                0x00000000080051b0                C2_Init
                0x00000000080051e8                C2_Fini
                0x000000000800520c                C2_ReadAddr
                0x00000000080052cc                C2_WriteAddr
                0x0000000008005374                C2_ReadData
                0x0000000008005460                C2_WriteData
                0x0000000008005534                c2_init
                0x0000000008005548                c2_fini
                0x000000000800555c                c2_addr_write
                0x0000000008005572                c2_addr_read
                0x0000000008005588                c2_data_read
                0x00000000080055a4                c2_data_write
 .text          0x00000000080055c0      0x404 ./ISSP.o
                0x000000000800562c                ISSP_Vector
                0x00000000080056e0                ISSP_Vector_0s
                0x0000000008005710                issp_enter_program_mode
                0x0000000008005830                issp_leave_program_mode
                0x00000000080058a0                issp_wait_and_poll
                0x0000000008005928                issp_fini
                0x0000000008005968                issp_init
                0x0000000008005974                issp_vector
 .text          0x00000000080059c4      0x28c ./LPC_ICP.o
                0x0000000008005aa4                lpcicp_init
                0x0000000008005af0                lpcicp_fini
                0x0000000008005b2c                lpcicp_enter_program_mode
                0x0000000008005bac                lpcicp_in
                0x0000000008005bc6                lpcicp_out
                0x0000000008005be0                lpcicp_poll_ready
 .text          0x0000000008005c50      0x4a0 ./MSP430_JTAG.o
                0x0000000008005d6c                msp430jtag_init
                0x0000000008005d78                msp430jtag_fini
                0x0000000008005db8                msp430jtag_config
                0x0000000008005e98                msp430jtag_ir
                0x0000000008005f30                msp430jtag_dr
                0x0000000008005f5c                msp430jtag_tclk
                0x0000000008005f7c                msp430jtag_tclk_strobe
                0x0000000008005fbc                msp430jtag_reset
                0x0000000008006078                msp430jtag_poll
 .text          0x00000000080060f0      0x60c ./BDM.o
                0x000000000800616c                bdm_init
                0x000000000800636c                bdm_fini
                0x0000000008006380                bdm_sync
                0x00000000080064a0                bdm_transact
 .text          0x00000000080066fc      0x404 ./PWM.o
                0x00000000080066fc                pwm_init
                0x000000000800680c                pwm_fini
                0x000000000800688c                pwm_config_freq
                0x00000000080068e4                pwm_config_mode
                0x0000000008006a04                pwm_out
                0x0000000008006a84                pwm_in
 .text          0x0000000008006b00       0x68 ./ADC.o
                0x0000000008006b00                adc_init
                0x0000000008006b0c                adc_fini
                0x0000000008006b10                adc_config
                0x0000000008006b1c                adc_config_channel
                0x0000000008006b28                adc_get_max_value
                0x0000000008006b2e                adc_calibrate
                0x0000000008006b3a                adc_start
                0x0000000008006b46                adc_isready
                0x0000000008006b52                adc_get
                0x0000000008006b56                adc_sample
 .text          0x0000000008006b68        0x4 ./interfaces.o
                0x0000000008006b68                peripheral_commit
 .text          0x0000000008006b6c      0x404 ./core.o
                0x0000000008006b6c                stm32_interface_get_info
                0x0000000008006b78                stm32_interface_fini
                0x0000000008006b7c                stm32_interface_reset
                0x0000000008006b98                stm32_interface_set_stack
                0x0000000008006ba2                stm32_interface_init
                0x0000000008006d60                stm32_uid_get
                0x0000000008006d80                stm32_delay_init
                0x0000000008006dc8                stm32_delay_delayus
                0x0000000008006de8                stm32_delay_delayms
                0x0000000008006e04                stm32_tickclk_start
                0x0000000008006e18                stm32_tickclk_stop
                0x0000000008006e2c                stm32_tickclk_get_count
                0x0000000008006e50                stm32_tickclk_init
                0x0000000008006f50                stm32_tickclk_fini
 .text          0x0000000008006f70      0x104 ./STM32_CLKO.o
                0x0000000008006f70                stm32_clko_init
                0x0000000008006fa4                stm32_clko_fini
                0x0000000008006fcc                stm32_clko_config
                0x0000000008007044                stm32_clko_enable
                0x000000000800705c                stm32_clko_disable
 .text          0x0000000008007074      0x1c4 ./STM32_GPIO.o
                0x0000000008007074                stm32_gpio_init
                0x000000000800708c                stm32_gpio_fini
                0x00000000080070ac                stm32_gpio_config_pin
                0x0000000008007104                stm32_gpio_config
                0x00000000080071da                stm32_gpio_set
                0x00000000080071ea                stm32_gpio_clear
                0x00000000080071fa                stm32_gpio_out
                0x0000000008007214                stm32_gpio_in
                0x0000000008007228                stm32_gpio_get
 .text          0x0000000008007238      0x914 ./STM32_USBD.o
                0x0000000008007298                stm32_usbd_init
                0x0000000008007354                stm32_usbd_fini
                0x000000000800736c                stm32_usbd_reset
                0x0000000008007370                stm32_usbd_connect
                0x0000000008007374                stm32_usbd_disconnect
                0x0000000008007378                stm32_usbd_set_address
                0x0000000008007386                stm32_usbd_get_address
                0x0000000008007394                stm32_usbd_suspend
                0x0000000008007398                stm32_usbd_resume
                0x000000000800739c                stm32_usbd_lowpower
                0x00000000080073a0                stm32_usbd_get_frame_number
                0x00000000080073ac                stm32_usbd_prepare_buffer
                0x00000000080073bc                stm32_usbd_ep_reset
                0x00000000080073c0                stm32_usbd_ep_set_type
                0x000000000800741c                stm32_usbd_ep_is_IN_dbuffer
                0x0000000008007438                stm32_usbd_ep_switch_IN_buffer
                0x0000000008007454                stm32_usbd_ep_set_IN_epsize
                0x00000000080074b4                stm32_usbd_ep_get_IN_epsize
                0x00000000080074d0                stm32_usbd_ep_set_IN_dbuffer
                0x0000000008007550                stm32_usbd_ep_set_IN_stall
                0x000000000800756c                stm32_usbd_ep_clear_IN_stall
                0x0000000008007588                stm32_usbd_ep_is_IN_stall
                0x00000000080075a6                stm32_usbd_ep_reset_IN_toggle
                0x00000000080075c0                stm32_usbd_ep_toggle_IN_toggle
                0x00000000080075da                stm32_usbd_ep_set_IN_count
                0x0000000008007630                stm32_usbd_ep_write_IN_buffer
                0x0000000008007680                stm32_usbd_ep_is_OUT_dbuffer
                0x000000000800769c                stm32_usbd_ep_switch_OUT_buffer
                0x00000000080076b8                stm32_usbd_ep_set_OUT_epsize
                0x0000000008007724                stm32_usbd_ep_get_OUT_epsize
                0x0000000008007740                stm32_usbd_ep_set_OUT_dbuffer
                0x00000000080077c8                stm32_usbd_ep_set_OUT_stall
                0x00000000080077e6                stm32_usbd_ep_clear_OUT_stall
                0x000000000800780e                stm32_usbd_ep_is_OUT_stall
                0x000000000800782c                stm32_usbd_ep_reset_OUT_toggle
                0x0000000008007846                stm32_usbd_ep_toggle_OUT_toggle
                0x0000000008007860                stm32_usbd_ep_get_OUT_count
                0x00000000080078a4                stm32_usbd_ep_read_OUT_buffer
                0x00000000080078f4                stm32_usbd_get_setup
                0x0000000008007916                stm32_usbd_ep_enable_OUT
                0x0000000008007934                CTR_LP
                0x0000000008007a28                CTR_HP
                0x0000000008007a94                USB_Istr
                0x0000000008007b38                stm32_usbd_poll
                0x0000000008007b42                USB_LP_CAN1_RX0_IRQHandler
                0x0000000008007b46                USB_HP_CAN1_TX_IRQHandler
                0x0000000008007b4a                USBWakeUp_IRQHandler
 .text          0x0000000008007b4c      0x454 ./STM32_SPI.o
                0x0000000008007b4c                stm32_spi_init
                0x0000000008007bc8                stm32_spi_fini
                0x0000000008007c58                stm32_spi_enable
                0x0000000008007c74                stm32_spi_disable
                0x0000000008007c94                stm32_spi_get_ability
                0x0000000008007cce                stm32_spi_config
                0x0000000008007e38                stm32_spi_select
                0x0000000008007e3e                stm32_spi_deselect
                0x0000000008007e44                stm32_spi_io_tx
                0x0000000008007e58                stm32_spi_io_tx_isready
                0x0000000008007e74                stm32_spi_io_rx_isready
                0x0000000008007e8c                stm32_spi_io_rx
                0x0000000008007ea0                stm32_spi_io
                0x0000000008007f18                stm32_spi_io_dma_start
                0x0000000008007f98                stm32_spi_io_dma_isready
                0x0000000008007f9c                stm32_spi_io_dma_end
 .text          0x0000000008007fa0      0x118 ./STM32_TIM.o
                0x0000000008007fa0                stm32_timer_init
                0x0000000008008014                stm32_timer_fini
                0x0000000008008028                stm32_timer_config
                0x000000000800802c                stm32_timer_start
                0x0000000008008044                stm32_timer_stop
                0x0000000008008060                stm32_timer_get_count
                0x0000000008008074                stm32_timer_set_count
                0x0000000008008088                stm32_timer_config_channel
                0x000000000800808c                stm32_timer_get_channel
                0x00000000080080a4                stm32_timer_set_channel
 .text          0x00000000080080b8      0x1b0 ./STM32_EINT.o
                0x00000000080080dc                stm32_eint_init
                0x000000000800810c                stm32_eint_fini
                0x0000000008008134                stm32_eint_config
                0x00000000080081b0                stm32_eint_enable
                0x00000000080081c8                stm32_eint_disable
                0x00000000080081e4                stm32_eint_trigger
                0x00000000080081fc                EXTI0_IRQHandler
                0x0000000008008200                EXTI1_IRQHandler
                0x0000000008008204                EXTI2_IRQHandler
                0x0000000008008208                EXTI3_IRQHandler
                0x000000000800820c                EXTI4_IRQHandler
                0x0000000008008210                EXTI9_5_IRQHandler
                0x000000000800823c                EXTI15_10_IRQHandler
 .text          0x0000000008008268      0x2b0 ./STM32_ADC.o
                0x0000000008008268                stm32_adc_init
                0x00000000080082e4                stm32_adc_fini
                0x0000000008008310                stm32_adc_config
                0x0000000008008360                stm32_adc_config_channel
                0x0000000008008470                stm32_adc_calibrate
                0x00000000080084a4                stm32_adc_get_max_value
                0x00000000080084aa                stm32_adc_start
                0x00000000080084cc                stm32_adc_isready
                0x00000000080084e4                stm32_adc_get
                0x00000000080084f4                stm32_adc_sample
 .text          0x0000000008008518      0x224 ./STM32_USART.o
                0x0000000008008518                stm32_usart_init
                0x0000000008008574                stm32_usart_fini
                0x00000000080085dc                stm32_usart_config
                0x0000000008008660                stm32_usart_config_callback
                0x00000000080086a8                stm32_usart_tx
                0x00000000080086bc                stm32_usart_tx_isready
                0x00000000080086d8                stm32_usart_rx
                0x00000000080086ec                stm32_usart_rx_isready
                0x0000000008008708                USART1_IRQHandler
 .text          0x000000000800873c      0x758 ./STM32_EBI.o
                0x0000000008008908                stm32_ebi_init
                0x00000000080089e0                stm32_ebi_fini
                0x0000000008008ab0                stm32_ebi_config_nor
                0x0000000008008ab6                stm32_ebi_config_sram
                0x0000000008008ad0                stm32_ebi_config_psram
                0x0000000008008ae8                stm32_ebi_config_nand
                0x0000000008008c40                stm32_ebi_config_sdram
                0x0000000008008c46                stm32_ebi_config_ddram
                0x0000000008008c4c                stm32_ebi_config_pccard
                0x0000000008008c5a                stm32_ebi_config
                0x0000000008008ca8                stm32_ebi_get_base_addr
                0x0000000008008cd6                stm32_ebi_isready
                0x0000000008008d20                stm32_ebi_read8
                0x0000000008008d36                stm32_ebi_write8
                0x0000000008008d4e                stm32_ebi_read16
                0x0000000008008d64                stm32_ebi_write16
                0x0000000008008d7c                stm32_ebi_read32
                0x0000000008008d80                stm32_ebi_write32
                0x0000000008008d82                stm32_ebi_readp32
                0x0000000008008d88                stm32_ebi_readp32_isready
                0x0000000008008d8e                stm32_ebi_writep32
                0x0000000008008d94                stm32_ebi_writep32_isready
                0x0000000008008d9a                stm32_ebi_read
                0x0000000008008e14                stm32_ebi_write
 .text          0x0000000008008e94      0x308 ./STM32_FLASH.o
                0x0000000008008e94                stm32_flash_init
                0x0000000008008ea0                stm32_flash_fini
                0x0000000008008ea4                stm32_flash_getcapacity
                0x0000000008008edc                stm32_flash_lock
                0x0000000008008f20                stm32_flash_unlock
                0x0000000008008f78                stm32_flash_read
                0x0000000008008f96                stm32_flash_read_isready
                0x0000000008008fa2                stm32_flash_write
                0x0000000008009018                stm32_flash_write_isready
                0x0000000008009024                stm32_flash_readpage
                0x000000000800904c                stm32_flash_readpage_isready
                0x0000000008009066                stm32_flash_erasepage
                0x00000000080090b0                stm32_flash_erasepage_isready
                0x00000000080090fc                stm32_flash_writepage
                0x0000000008009124                stm32_flash_writepage_isready
                0x0000000008009128                stm32_flash_protect
                0x0000000008009188                stm32_flash_isprotected
 .text          0x000000000800919c      0x2bc ./STM32_SDIO.o
                0x000000000800919c                stm32_sdio_fini
                0x00000000080091c0                stm32_sdio_init
                0x000000000800920c                stm32_sdio_config
                0x0000000008009270                stm32_sdio_start
                0x0000000008009280                stm32_sdio_stop
                0x000000000800928c                stm32_sdio_send_cmd
                0x00000000080092a4                stm32_sdio_send_cmd_isready
                0x00000000080092e4                stm32_sdio_get_resp
                0x0000000008009314                stm32_sdio_data_tx
                0x0000000008009380                stm32_sdio_data_tx_isready
                0x000000000800938c                stm32_sdio_data_rx
                0x0000000008009404                stm32_sdio_data_rx_isready
 .text          0x0000000008009458      0x12c ./usart_stream.o
                0x0000000008009474                usart_stream_init
                0x00000000080094bc                usart_stream_fini
                0x00000000080094f0                usart_stream_config
                0x000000000800951c                usart_stream_rx
                0x0000000008009522                usart_stream_tx
                0x0000000008009528                usart_stream_poll
 .text          0x0000000008009584       0x3c ./stream.o
                0x0000000008009584                stream_init
                0x0000000008009592                stream_fini
                0x0000000008009596                stream_rx
                0x000000000800959e                stream_tx
                0x00000000080095b8                stream_get_data_size
                0x00000000080095bc                stream_get_free_size
 .text          0x00000000080095c0      0xe6c ./vsf_usbd.o
                0x0000000008009840                vsfusbd_on_UNDERFLOW
                0x0000000008009844                vsfusbd_on_WAKEUP
                0x0000000008009850                vsfusbd_on_SUSPEND
                0x0000000008009864                vsfusbd_on_SOF
                0x0000000008009870                vsfusbd_on_ERROR
                0x0000000008009a20                vsfusbd_on_OVERFLOW
                0x0000000008009a78                vsfusbd_device_get_descriptor
                0x0000000008009b4c                vsfusbd_on_RESET
                0x0000000008009c44                vsfusbd_set_IN_handler
                0x0000000008009c58                vsfusbd_set_OUT_handler
                0x0000000008009c6a                vsfusbd_device_poll
                0x0000000008009d84                vsfusbd_ep_receive_nb
                0x0000000008009dcc                vsfusbd_ep_receive_nb_isready
                0x0000000008009dfe                vsfusbd_ep_receive
                0x0000000008009e2e                vsfusbd_ep_send_nb
                0x0000000008009f3c                vsfusbd_ep_send_nb_isready
                0x0000000008009f52                vsfusbd_ep_send
                0x0000000008009f82                vsfusbd_auto_init
                0x000000000800a128                vsfusbd_get_class_request_filter
                0x000000000800a144                vsfusbd_on_SETUP
                0x000000000800a30c                vsfusbd_on_RESUME
                0x000000000800a320                vsfusbd_on_ATTACH
                0x000000000800a32c                vsfusbd_on_DETACH
                0x000000000800a338                vsfusbd_device_init
                0x000000000800a404                vsfusbd_device_fini
 .text          0x000000000800a42c      0x26c ./vsfusbd_CDC.o
 .text          0x000000000800a698      0x1c8 ./vsfusbd_CDCACM.o
 .text          0x000000000800a860      0x1e8 ./buffer.o
                0x000000000800a860                vsf_fifo_init
                0x000000000800a86a                vsf_fifo_get_data_length
                0x000000000800a87c                vsf_fifo_get_avail_length
                0x000000000800a890                vsf_fifo_push8
                0x000000000800a8b4                vsf_fifo_pop8
                0x000000000800a8d2                vsf_fifo_push
                0x000000000800a930                vsf_fifo_peek_consequent
                0x000000000800a968                vsf_fifo_peek
                0x000000000800a9a4                vsf_fifo_pop
                0x000000000800a9ca                vsf_multibuf_init
                0x000000000800a9d4                vsf_multibuf_get_empty
                0x000000000800a9e8                vsf_multibuf_push
                0x000000000800aa0a                vsf_multibuf_get_payload
                0x000000000800aa1c                vsf_multibuf_pop
                0x000000000800aa3c                vsf_bufmgr_init
                0x000000000800aa42                vsf_bufmgr_malloc
                0x000000000800aa46                vsf_bufmgr_free
 .text          0x000000000800aa48      0x53c ./USB_TO_XXX.o
                0x000000000800aa48                USB_TO_XXX_Init
                0x000000000800aa60                USB_TO_XXX_ProcessCmd
 .text          0x000000000800af84       0xd4 ./USB_TO_CLKO.o
                0x000000000800af84                USB_TO_CLKO_ProcessCmd
 .text          0x000000000800b058       0xf0 ./USB_TO_SPI.o
                0x000000000800b058                USB_TO_SPI_ProcessCmd
 .text          0x000000000800b148      0x128 ./USB_TO_IIC.o
                0x000000000800b148                USB_TO_IIC_ProcessCmd
 .text          0x000000000800b270      0x12c ./USB_TO_GPIO.o
                0x000000000800b270                USB_TO_GPIO_ProcessCmd
 .text          0x000000000800b39c       0xf4 ./USB_TO_PWM.o
                0x000000000800b39c                USB_TO_PWM_ProcessCmd
 .text          0x000000000800b490      0x164 ./USB_TO_ADC.o
                0x000000000800b490                USB_TO_ADC_ProcessCmd
 .text          0x000000000800b5f4       0xd8 ./USB_TO_POWER.o
                0x000000000800b5f4                USB_TO_POWER_ProcessCmd
 .text          0x000000000800b6cc      0x104 ./USB_TO_C2.o
                0x000000000800b6cc                USB_TO_C2_ProcessCmd
 .text          0x000000000800b7d0      0x140 ./USB_TO_ISSP.o
                0x000000000800b7d0                USB_TO_ISSP_ProcessCmd
 .text          0x000000000800b910      0x11c ./USB_TO_LPCICP.o
                0x000000000800b910                USB_TO_LPCICP_ProcessCmd
 .text          0x000000000800ba2c      0x1fc ./USB_TO_MSP430_JTAG.o
                0x000000000800ba2c                USB_TO_MSP430_JTAG_ProcessCmd
 .text          0x000000000800bc28      0x190 ./USB_TO_JTAG_HL.o
                0x000000000800bc28                USB_TO_JTAG_HL_ProcessCmd
 .text          0x000000000800bdb8      0x184 ./USB_TO_SWD.o
                0x000000000800bdb8                USB_TO_SWD_ProcessCmd
 .text          0x000000000800bf3c      0x158 ./USB_TO_JTAG_LL.o
                0x000000000800bf3c                USB_TO_JTAG_LL_ProcessCmd
 .text          0x000000000800c094      0x148 ./USB_TO_SWIM.o
                0x000000000800c094                USB_TO_SWIM_ProcessCmd
 .text          0x000000000800c1dc      0x108 ./USB_TO_JTAG_RAW.o
                0x000000000800c1dc                USB_TO_JTAG_RAW_ProcessCmd
 .text          0x000000000800c2e4      0x168 ./USB_TO_BDM.o
                0x000000000800c2e4                USB_TO_BDM_ProcessCmd
 .text          0x000000000800c44c      0x104 ./USB_TO_DUSI.o
                0x000000000800c44c                USB_TO_DUSI_ProcessCmd
 .text          0x000000000800c550      0x1f4 ./USB_TO_MICROWIRE.o
                0x000000000800c550                USB_TO_MICROWIRE_ProcessCmd
 .text          0x000000000800c744       0xb0 ./CommandProcessor.o
                0x000000000800c744                ProcessCommand
 .text          0x000000000800c7f4       0x40 /usr/lib/gcc/arm-none-eabi/7.3.1/../../../arm-none-eabi/lib/libc.a(lib_a-malloc.o)
                0x000000000800c7f4                malloc
                0x000000000800c814                free
 .text          0x000000000800c834      0x7cc /usr/lib/gcc/arm-none-eabi/7.3.1/../../../arm-none-eabi/lib/libc.a(lib_a-mallocr.o)
                0x000000000800c834                _malloc_r
 .text          0x000000000800d000        0x8 /usr/lib/gcc/arm-none-eabi/7.3.1/../../../arm-none-eabi/lib/libc.a(lib_a-mlock.o)
                0x000000000800d000                __malloc_lock
                0x000000000800d004                __malloc_unlock
 .text          0x000000000800d008       0x3c /usr/lib/gcc/arm-none-eabi/7.3.1/../../../arm-none-eabi/lib/libc.a(lib_a-sbrkr.o)
                0x000000000800d008                _sbrk_r
 .text          0x000000000800d044      0x3dc /usr/lib/gcc/arm-none-eabi/7.3.1/../../../arm-none-eabi/lib/libc.a(lib_a-freer.o)
                0x000000000800d044                _malloc_trim_r
                0x000000000800d144                _free_r
 *(.text.*)
 .text.Reset_Handler
                0x000000000800d420       0x40 ./startup_stm32f10x_md.o
                0x000000000800d420                Reset_Handler
 .text.Default_Handler
                0x000000000800d460        0x2 ./startup_stm32f10x_md.o
                0x000000000800d460                DebugMon_Handler
                0x000000000800d460                TIM1_CC_IRQHandler
                0x000000000800d460                HardFault_Handler
                0x000000000800d460                SysTick_Handler
                0x000000000800d460                PVD_IRQHandler
                0x000000000800d460                PendSV_Handler
                0x000000000800d460                NMI_Handler
                0x000000000800d460                I2C2_EV_IRQHandler
                0x000000000800d460                UsageFault_Handler
                0x000000000800d460                ADC1_2_IRQHandler
                0x000000000800d460                SPI1_IRQHandler
                0x000000000800d460                TAMPER_IRQHandler
                0x000000000800d460                DMA1_Channel4_IRQHandler
                0x000000000800d460                USART3_IRQHandler
                0x000000000800d460                RTC_IRQHandler
                0x000000000800d460                DMA1_Channel7_IRQHandler
                0x000000000800d460                CAN1_RX1_IRQHandler
                0x000000000800d460                TIM4_IRQHandler
                0x000000000800d460                I2C1_EV_IRQHandler
                0x000000000800d460                DMA1_Channel6_IRQHandler
                0x000000000800d460                TIM3_IRQHandler
                0x000000000800d460                RCC_IRQHandler
                0x000000000800d460                TIM1_TRG_COM_IRQHandler
                0x000000000800d460                DMA1_Channel1_IRQHandler
                0x000000000800d460                Default_Handler
                0x000000000800d460                SPI2_IRQHandler
                0x000000000800d460                MemManage_Handler
                0x000000000800d460                SVC_Handler
                0x000000000800d460                DMA1_Channel5_IRQHandler
                0x000000000800d460                DMA1_Channel3_IRQHandler
                0x000000000800d460                TIM1_UP_IRQHandler
                0x000000000800d460                WWDG_IRQHandler
                0x000000000800d460                TIM2_IRQHandler
                0x000000000800d460                TIM1_BRK_IRQHandler
                0x000000000800d460                RTCAlarm_IRQHandler
                0x000000000800d460                USART2_IRQHandler
                0x000000000800d460                I2C2_ER_IRQHandler
                0x000000000800d460                DMA1_Channel2_IRQHandler
                0x000000000800d460                CAN1_SCE_IRQHandler
                0x000000000800d460                FLASH_IRQHandler
                0x000000000800d460                BusFault_Handler
                0x000000000800d460                I2C1_ER_IRQHandler
 *fill*         0x000000000800d462        0x2 
 .text.startup  0x000000000800d464       0x30 ./main.o
                0x000000000800d464                main
 *(.rodata)
 .rodata        0x000000000800d494      0x158 ./usb_protocol_Versaloon.o
 .rodata        0x000000000800d5ec       0x1c ./vsfusbd_Versaloon.o
                0x000000000800d5ec                vsfusbd_Versaloon_class
 .rodata        0x000000000800d608      0x268 ./app_interfaces.o
                0x000000000800d608                app_interfaces
 .rodata        0x000000000800d870      0x31c ./interfaces.o
                0x000000000800d870                core_interfaces
 .rodata        0x000000000800db8c        0x1 ./STM32_USBD.o
                0x000000000800db8c                stm32_usbd_ep_num
 *fill*         0x000000000800db8d        0x3 
 .rodata        0x000000000800db90        0x8 ./STM32_SPI.o
 .rodata        0x000000000800db98       0x44 ./STM32_TIM.o
 .rodata        0x000000000800dbdc        0xc ./STM32_ADC.o
 .rodata        0x000000000800dbe8        0xc ./STM32_USART.o
 .rodata        0x000000000800dbf4       0xcc ./vsf_usbd.o
 .rodata        0x000000000800dcc0       0x5c ./vsfusbd_CDC.o
                0x000000000800dcc0                vsfusbd_CDCData_class
                0x000000000800dcdc                vsfusbd_CDCControl_class
 .rodata        0x000000000800dd1c       0x74 ./vsfusbd_CDCACM.o
                0x000000000800dd1c                vsfusbd_CDCACMData_class
                0x000000000800dd38                vsfusbd_CDCACMControl_class
 *(.rodata*)
 .rodata.str1.1
                0x000000000800dd90       0x11 ./usb_protocol_Versaloon.o
 .rodata.str1.1
                0x000000000800dda1       0x89 ./app_interfaces.o
 .rodata.str1.1
                0x000000000800de2a       0x31 ./CommandProcessor.o
 *(.glue_7)
 .glue_7        0x000000000800de5b        0x0 linker stubs
 *(.glue_7t)
 .glue_7t       0x000000000800de5b        0x0 linker stubs
 *(.init)
 *fill*         0x000000000800de5b        0x1 
 .init          0x000000000800de5c        0xc /usr/lib/gcc/arm-none-eabi/7.3.1/crti.o
                0x000000000800de5c                _init
 .init          0x000000000800de68        0xc /usr/lib/gcc/arm-none-eabi/7.3.1/crtn.o
 *(.fini)
 .fini          0x000000000800de74        0xc /usr/lib/gcc/arm-none-eabi/7.3.1/crti.o
                0x000000000800de74                _fini
 .fini          0x000000000800de80        0xc /usr/lib/gcc/arm-none-eabi/7.3.1/crtn.o
                0x000000000800de8c                . = ALIGN (0x4)
                0x000000000800de8c                _etext = .
                0x000000000800de8c                _sidata = _etext

.vfp11_veneer   0x000000000800de8c        0x0
 .vfp11_veneer  0x000000000800de8c        0x0 linker stubs

.v4_bx          0x000000000800de8c        0x0
 .v4_bx         0x000000000800de8c        0x0 linker stubs

.iplt           0x000000000800de8c        0x0
 .iplt          0x000000000800de8c        0x0 ./startup_stm32f10x_md.o

.rel.dyn        0x000000000800de8c        0x0
 .rel.iplt      0x000000000800de8c        0x0 ./startup_stm32f10x_md.o

.data           0x0000000020000000      0xc80 load address 0x000000000800de8c
                0x0000000020000000                . = ALIGN (0x4)
                0x0000000020000000                _sdata = .
 *(.data)
 .data          0x0000000020000000       0x14 ./stm32f10x_rcc.o
 .data          0x0000000020000014      0x3af ./usb_protocol_Versaloon.o
                0x0000000020000014                Versaloon_CDCACM_param
                0x000000002000008c                usb_device
                0x00000000200003c0                Versaloon_param
 *fill*         0x00000000200003c3        0x1 
 .data          0x00000000200003c4        0x4 ./app_interfaces.o
                0x00000000200003c4                interfaces
 .data          0x00000000200003c8       0x34 ./USART.o
                0x00000000200003c8                usart_stream_p0
 .data          0x00000000200003fc       0x10 ./JTAG_TAP.o
                0x00000000200003fc                JTAG_TAP_1s
 .data          0x000000002000040c        0x1 ./SWD.o
                0x000000002000040c                SWD_Trn
 *fill*         0x000000002000040d        0x3 
 .data          0x0000000020000410       0x28 ./core.o
 .data          0x0000000020000438        0x2 ./STM32_USBD.o
 *fill*         0x000000002000043a        0x6 
 .data          0x0000000020000440      0x430 /usr/lib/gcc/arm-none-eabi/7.3.1/../../../arm-none-eabi/lib/libc.a(lib_a-impure.o)
                0x0000000020000440                _impure_ptr
 .data          0x0000000020000870      0x410 /usr/lib/gcc/arm-none-eabi/7.3.1/../../../arm-none-eabi/lib/libc.a(lib_a-mallocr.o)
                0x0000000020000870                __malloc_av_
                0x0000000020000c78                __malloc_sbrk_base
                0x0000000020000c7c                __malloc_trim_threshold
 *(.data.*)
                0x0000000020000c80                . = ALIGN (0x4)
                0x0000000020000c80                _edata = .

.igot.plt       0x0000000020000c80        0x0 load address 0x000000000800eb0c
 .igot.plt      0x0000000020000c80        0x0 ./startup_stm32f10x_md.o

.bss            0x0000000020000c80     0x3384 load address 0x000000000800eb0c
                0x0000000020000c80                . = ALIGN (0x4)
                0x0000000020000c80                _sbss = .
 *(.bss)
 .bss           0x0000000020000c80     0x3010 ./vsfusbd_Versaloon.o
                0x0000000020000c80                cmd_len
                0x0000000020000c84                usb_ovf
                0x0000000020000c88                count_out
                0x0000000020000c8c                rep_len
                0x0000000020000c90                asyn_rx_buf
                0x0000000020001c90                buffer_out
 .bss           0x0000000020003c90        0x4 ./syscall.o
 .bss           0x0000000020003c94        0x9 ./SPI.o
 *fill*         0x0000000020003c9d        0x3 
 .bss           0x0000000020003ca0       0xac ./JTAG_TAP.o
                0x0000000020003ca0                JTAG_TAP_TMS_scraplen
                0x0000000020003ca1                JTAG_TAP_TMS_scrap
                0x0000000020003ca4                JTAG_TAP_Operate_Asyn
                0x0000000020003ca8                JTAG_TAP_Operate_RAW
 .bss           0x0000000020003d4c        0xe ./SWD.o
                0x0000000020003d4c                SWD_Delay
                0x0000000020003d50                SWD_SeqOut
                0x0000000020003d54                SWD_SeqIn
                0x0000000020003d58                SWD_Retry
 .bss           0x0000000020003d5a       0x3a ./SWIM.o
 .bss           0x0000000020003d94        0x4 ./MicroWire.o
 .bss           0x0000000020003d98        0x7 ./PowerExt.o
                0x0000000020003d9e                PWREXT_PowerState
 *fill*         0x0000000020003d9f        0x1 
 .bss           0x0000000020003da0        0xa ./IIC.o
                0x0000000020003da8                IIC_Delay
 .bss           0x0000000020003daa      0x11a ./BDM.o
                0x0000000020003daa                BDM_Inited
 .bss           0x0000000020003ec4        0x4 ./PWM.o
 .bss           0x0000000020003ec8       0x6c ./STM32_USBD.o
                0x0000000020003ec8                stm32_usbd_epaddr
                0x0000000020003ed0                stm32_usbd_IN_epsize
                0x0000000020003ee0                stm32_usbd_OUT_epsize
                0x0000000020003ef0                stm32_usbd_IN_dbuffer
                0x0000000020003ef8                stm32_usbd_OUT_dbuffer
                0x0000000020003f00                stm32_usbd_callback
 .bss           0x0000000020003f34       0x40 ./STM32_EINT.o
 .bss           0x0000000020003f74       0x24 ./STM32_USART.o
 .bss           0x0000000020003f98        0x4 ./STM32_SDIO.o
 .bss           0x0000000020003f9c       0x30 ./USB_TO_XXX.o
                0x0000000020003fa4                buffer_reply
                0x0000000020003fa8                USB_TO_POLL_Index
                0x0000000020003fac                USB_TO_POLL_Context
 .bss           0x0000000020003fcc       0x34 /usr/lib/gcc/arm-none-eabi/7.3.1/../../../arm-none-eabi/lib/libc.a(lib_a-mallocr.o)
                0x0000000020003fcc                __malloc_top_pad
                0x0000000020003fd0                __malloc_current_mallinfo
                0x0000000020003ff8                __malloc_max_sbrked_mem
                0x0000000020003ffc                __malloc_max_total_mem
 *(COMMON)
 COMMON         0x0000000020004000        0x4 /usr/lib/gcc/arm-none-eabi/7.3.1/../../../arm-none-eabi/lib/libc.a(lib_a-reent.o)
                0x0000000020004000                errno
                0x0000000020004004                . = ALIGN (0x4)
                0x0000000020004004                _ebss = .
                [!provide]                        PROVIDE (end = _ebss)
                [!provide]                        PROVIDE (_end = _ebss)

._user_heap_stack
                0x0000000020004004      0x400 load address 0x0000000008011e90
                0x0000000020004004                . = ALIGN (0x4)
                0x0000000020004004                . = (. + _Heap_Size)
                0x0000000020004404                . = (. + _Stack_Size)
 *fill*         0x0000000020004004      0x400 
                0x0000000020004404                . = ALIGN (0x4)

.b1text
 *(.b1text)
 *(.b1rodata)
 *(.b1rodata*)

.eb0text
 *(.eb0text)
 *(.eb0rodata)
 *(.eb0rodata*)

.eb1text
 *(.eb1text)
 *(.eb1rodata)
 *(.eb1rodata*)

.eb2text
 *(.eb2text)
 *(.eb2rodata)
 *(.eb2rodata*)

.eb3text
 *(.eb3text)
 *(.eb3rodata)
 *(.eb3rodata*)
                0x0000000020004404                __exidx_start = .
                0x0000000020004404                __exidx_end = .

/DISCARD/
 libc.a(*)
 libm.a(*)
 libgcc.a(*)

.stab
 *(.stab)

.stabstr
 *(.stabstr)

.stab.excl
 *(.stab.excl)

.stab.exclstr
 *(.stab.exclstr)

.stab.index
 *(.stab.index)

.stab.indexstr
 *(.stab.indexstr)

.comment        0x0000000000000000       0xae
 *(.comment)
 .comment       0x0000000000000000       0x57 ./core_cm3.o
                                         0x58 (size before relaxing)
 .comment       0x0000000000000057       0x58 ./misc.o
 .comment       0x0000000000000057       0x58 ./stm32f10x_dma.o
 .comment       0x0000000000000057       0x58 ./stm32f10x_gpio.o
 .comment       0x0000000000000057       0x58 ./stm32f10x_rcc.o
 .comment       0x0000000000000057       0x58 ./stm32f10x_spi.o
 .comment       0x0000000000000057       0x58 ./stm32f10x_tim.o
 .comment       0x0000000000000057       0x58 ./usb_mem.o
 .comment       0x0000000000000057       0x58 ./usb_regs.o
 .comment       0x0000000000000057       0x58 ./main.o
 .comment       0x0000000000000057       0x58 ./usb_protocol_Versaloon.o
 .comment       0x0000000000000057       0x58 ./vsfusbd_Versaloon.o
 .comment       0x0000000000000057       0x58 ./compiler_string.o
 .comment       0x0000000000000057       0x58 ./syscall.o
 .comment       0x0000000000000057       0x58 ./app_interfaces.o
 .comment       0x0000000000000057       0x58 ./GPIO.o
 .comment       0x0000000000000057       0x58 ./CLKO.o
 .comment       0x0000000000000057       0x58 ./USART.o
 .comment       0x0000000000000057       0x58 ./SPI.o
 .comment       0x0000000000000057       0x58 ./JTAG_TAP.o
 .comment       0x0000000000000057       0x58 ./SWD.o
 .comment       0x0000000000000057       0x58 ./SWIM.o
 .comment       0x0000000000000057       0x58 ./DUSI.o
 .comment       0x0000000000000057       0x58 ./MicroWire.o
 .comment       0x0000000000000057       0x58 ./PowerExt.o
 .comment       0x0000000000000057       0x58 ./IIC.o
 .comment       0x0000000000000057       0x58 ./C2.o
 .comment       0x0000000000000057       0x58 ./ISSP.o
 .comment       0x0000000000000057       0x58 ./LPC_ICP.o
 .comment       0x0000000000000057       0x58 ./MSP430_JTAG.o
 .comment       0x0000000000000057       0x58 ./BDM.o
 .comment       0x0000000000000057       0x58 ./PWM.o
 .comment       0x0000000000000057       0x58 ./ADC.o
 .comment       0x0000000000000057       0x58 ./interfaces.o
 .comment       0x0000000000000057       0x58 ./core.o
 .comment       0x0000000000000057       0x58 ./STM32_CLKO.o
 .comment       0x0000000000000057       0x58 ./STM32_GPIO.o
 .comment       0x0000000000000057       0x58 ./STM32_USBD.o
 .comment       0x0000000000000057       0x58 ./STM32_SPI.o
 .comment       0x0000000000000057       0x58 ./STM32_TIM.o
 .comment       0x0000000000000057       0x58 ./STM32_EINT.o
 .comment       0x0000000000000057       0x58 ./STM32_ADC.o
 .comment       0x0000000000000057       0x58 ./STM32_USART.o
 .comment       0x0000000000000057       0x58 ./STM32_EBI.o
 .comment       0x0000000000000057       0x58 ./STM32_FLASH.o
 .comment       0x0000000000000057       0x58 ./STM32_SDIO.o
 .comment       0x0000000000000057       0x58 ./usart_stream.o
 .comment       0x0000000000000057       0x58 ./stream.o
 .comment       0x0000000000000057       0x58 ./vsf_usbd.o
 .comment       0x0000000000000057       0x58 ./vsfusbd_CDC.o
 .comment       0x0000000000000057       0x58 ./vsfusbd_CDCACM.o
 .comment       0x0000000000000057       0x58 ./buffer.o
 .comment       0x0000000000000057       0x58 ./USB_TO_XXX.o
 .comment       0x0000000000000057       0x58 ./USB_TO_CLKO.o
 .comment       0x0000000000000057       0x58 ./USB_TO_SPI.o
 .comment       0x0000000000000057       0x58 ./USB_TO_IIC.o
 .comment       0x0000000000000057       0x58 ./USB_TO_GPIO.o
 .comment       0x0000000000000057       0x58 ./USB_TO_PWM.o
 .comment       0x0000000000000057       0x58 ./USB_TO_ADC.o
 .comment       0x0000000000000057       0x58 ./USB_TO_POWER.o
 .comment       0x0000000000000057       0x58 ./USB_TO_C2.o
 .comment       0x0000000000000057       0x58 ./USB_TO_ISSP.o
 .comment       0x0000000000000057       0x58 ./USB_TO_LPCICP.o
 .comment       0x0000000000000057       0x58 ./USB_TO_MSP430_JTAG.o
 .comment       0x0000000000000057       0x58 ./USB_TO_JTAG_HL.o
 .comment       0x0000000000000057       0x58 ./USB_TO_SWD.o
 .comment       0x0000000000000057       0x58 ./USB_TO_JTAG_LL.o
 .comment       0x0000000000000057       0x58 ./USB_TO_SWIM.o
 .comment       0x0000000000000057       0x58 ./USB_TO_JTAG_RAW.o
 .comment       0x0000000000000057       0x58 ./USB_TO_BDM.o
 .comment       0x0000000000000057       0x58 ./USB_TO_DUSI.o
 .comment       0x0000000000000057       0x58 ./USB_TO_MICROWIRE.o
 .comment       0x0000000000000057       0x58 ./CommandProcessor.o
 .comment       0x0000000000000057       0x57 /usr/lib/gcc/arm-none-eabi/7.3.1/../../../arm-none-eabi/lib/libc.a(lib_a-impure.o)
                                         0x58 (size before relaxing)
 .comment       0x00000000000000ae       0x58 /usr/lib/gcc/arm-none-eabi/7.3.1/../../../arm-none-eabi/lib/libc.a(lib_a-malloc.o)
 .comment       0x00000000000000ae       0x58 /usr/lib/gcc/arm-none-eabi/7.3.1/../../../arm-none-eabi/lib/libc.a(lib_a-mallocr.o)
 .comment       0x00000000000000ae       0x58 /usr/lib/gcc/arm-none-eabi/7.3.1/../../../arm-none-eabi/lib/libc.a(lib_a-mlock.o)
 .comment       0x00000000000000ae       0x58 /usr/lib/gcc/arm-none-eabi/7.3.1/../../../arm-none-eabi/lib/libc.a(lib_a-sbrkr.o)
 .comment       0x00000000000000ae       0x58 /usr/lib/gcc/arm-none-eabi/7.3.1/../../../arm-none-eabi/lib/libc.a(lib_a-freer.o)
 .comment       0x00000000000000ae       0x58 /usr/lib/gcc/arm-none-eabi/7.3.1/../../../arm-none-eabi/lib/libc.a(lib_a-reent.o)

.ARM.attributes
                0x0000000000000000       0x33
 .ARM.attributes
                0x0000000000000000       0x14 /usr/lib/gcc/arm-none-eabi/7.3.1/crti.o
 .ARM.attributes
                0x0000000000000014       0x21 ./startup_stm32f10x_md.o
 .ARM.attributes
                0x0000000000000035       0x33 ./core_cm3.o
 .ARM.attributes
                0x0000000000000068       0x33 ./misc.o
 .ARM.attributes
                0x000000000000009b       0x33 ./stm32f10x_dma.o
 .ARM.attributes
                0x00000000000000ce       0x33 ./stm32f10x_gpio.o
 .ARM.attributes
                0x0000000000000101       0x33 ./stm32f10x_rcc.o
 .ARM.attributes
                0x0000000000000134       0x33 ./stm32f10x_spi.o
 .ARM.attributes
                0x0000000000000167       0x33 ./stm32f10x_tim.o
 .ARM.attributes
                0x000000000000019a       0x33 ./usb_mem.o
 .ARM.attributes
                0x00000000000001cd       0x33 ./usb_regs.o
 .ARM.attributes
                0x0000000000000200       0x33 ./main.o
 .ARM.attributes
                0x0000000000000233       0x33 ./usb_protocol_Versaloon.o
 .ARM.attributes
                0x0000000000000266       0x33 ./vsfusbd_Versaloon.o
 .ARM.attributes
                0x0000000000000299       0x33 ./compiler_string.o
 .ARM.attributes
                0x00000000000002cc       0x33 ./syscall.o
 .ARM.attributes
                0x00000000000002ff       0x33 ./app_interfaces.o
 .ARM.attributes
                0x0000000000000332       0x33 ./GPIO.o
 .ARM.attributes
                0x0000000000000365       0x33 ./CLKO.o
 .ARM.attributes
                0x0000000000000398       0x33 ./USART.o
 .ARM.attributes
                0x00000000000003cb       0x33 ./SPI.o
 .ARM.attributes
                0x00000000000003fe       0x33 ./JTAG_TAP.o
 .ARM.attributes
                0x0000000000000431       0x33 ./SWD.o
 .ARM.attributes
                0x0000000000000464       0x33 ./SWIM.o
 .ARM.attributes
                0x0000000000000497       0x33 ./DUSI.o
 .ARM.attributes
                0x00000000000004ca       0x33 ./MicroWire.o
 .ARM.attributes
                0x00000000000004fd       0x33 ./PowerExt.o
 .ARM.attributes
                0x0000000000000530       0x33 ./IIC.o
 .ARM.attributes
                0x0000000000000563       0x33 ./C2.o
 .ARM.attributes
                0x0000000000000596       0x33 ./ISSP.o
 .ARM.attributes
                0x00000000000005c9       0x33 ./LPC_ICP.o
 .ARM.attributes
                0x00000000000005fc       0x33 ./MSP430_JTAG.o
 .ARM.attributes
                0x000000000000062f       0x33 ./BDM.o
 .ARM.attributes
                0x0000000000000662       0x33 ./PWM.o
 .ARM.attributes
                0x0000000000000695       0x33 ./ADC.o
 .ARM.attributes
                0x00000000000006c8       0x33 ./interfaces.o
 .ARM.attributes
                0x00000000000006fb       0x33 ./core.o
 .ARM.attributes
                0x000000000000072e       0x33 ./STM32_CLKO.o
 .ARM.attributes
                0x0000000000000761       0x33 ./STM32_GPIO.o
 .ARM.attributes
                0x0000000000000794       0x33 ./STM32_USBD.o
 .ARM.attributes
                0x00000000000007c7       0x33 ./STM32_SPI.o
 .ARM.attributes
                0x00000000000007fa       0x33 ./STM32_TIM.o
 .ARM.attributes
                0x000000000000082d       0x33 ./STM32_EINT.o
 .ARM.attributes
                0x0000000000000860       0x33 ./STM32_ADC.o
 .ARM.attributes
                0x0000000000000893       0x33 ./STM32_USART.o
 .ARM.attributes
                0x00000000000008c6       0x33 ./STM32_EBI.o
 .ARM.attributes
                0x00000000000008f9       0x33 ./STM32_FLASH.o
 .ARM.attributes
                0x000000000000092c       0x33 ./STM32_SDIO.o
 .ARM.attributes
                0x000000000000095f       0x33 ./usart_stream.o
 .ARM.attributes
                0x0000000000000992       0x33 ./stream.o
 .ARM.attributes
                0x00000000000009c5       0x33 ./vsf_usbd.o
 .ARM.attributes
                0x00000000000009f8       0x33 ./vsfusbd_CDC.o
 .ARM.attributes
                0x0000000000000a2b       0x33 ./vsfusbd_CDCACM.o
 .ARM.attributes
                0x0000000000000a5e       0x33 ./buffer.o
 .ARM.attributes
                0x0000000000000a91       0x33 ./USB_TO_XXX.o
 .ARM.attributes
                0x0000000000000ac4       0x33 ./USB_TO_CLKO.o
 .ARM.attributes
                0x0000000000000af7       0x33 ./USB_TO_SPI.o
 .ARM.attributes
                0x0000000000000b2a       0x33 ./USB_TO_IIC.o
 .ARM.attributes
                0x0000000000000b5d       0x33 ./USB_TO_GPIO.o
 .ARM.attributes
                0x0000000000000b90       0x33 ./USB_TO_PWM.o
 .ARM.attributes
                0x0000000000000bc3       0x33 ./USB_TO_ADC.o
 .ARM.attributes
                0x0000000000000bf6       0x33 ./USB_TO_POWER.o
 .ARM.attributes
                0x0000000000000c29       0x33 ./USB_TO_C2.o
 .ARM.attributes
                0x0000000000000c5c       0x33 ./USB_TO_ISSP.o
 .ARM.attributes
                0x0000000000000c8f       0x33 ./USB_TO_LPCICP.o
 .ARM.attributes
                0x0000000000000cc2       0x33 ./USB_TO_MSP430_JTAG.o
 .ARM.attributes
                0x0000000000000cf5       0x33 ./USB_TO_JTAG_HL.o
 .ARM.attributes
                0x0000000000000d28       0x33 ./USB_TO_SWD.o
 .ARM.attributes
                0x0000000000000d5b       0x33 ./USB_TO_JTAG_LL.o
 .ARM.attributes
                0x0000000000000d8e       0x33 ./USB_TO_SWIM.o
 .ARM.attributes
                0x0000000000000dc1       0x33 ./USB_TO_JTAG_RAW.o
 .ARM.attributes
                0x0000000000000df4       0x33 ./USB_TO_BDM.o
 .ARM.attributes
                0x0000000000000e27       0x33 ./USB_TO_DUSI.o
 .ARM.attributes
                0x0000000000000e5a       0x33 ./USB_TO_MICROWIRE.o
 .ARM.attributes
                0x0000000000000e8d       0x33 ./CommandProcessor.o
 .ARM.attributes
                0x0000000000000ec0       0x30 /usr/lib/gcc/arm-none-eabi/7.3.1/../../../arm-none-eabi/lib/libc.a(lib_a-impure.o)
 .ARM.attributes
                0x0000000000000ef0       0x30 /usr/lib/gcc/arm-none-eabi/7.3.1/../../../arm-none-eabi/lib/libc.a(lib_a-malloc.o)
 .ARM.attributes
                0x0000000000000f20       0x30 /usr/lib/gcc/arm-none-eabi/7.3.1/../../../arm-none-eabi/lib/libc.a(lib_a-mallocr.o)
 .ARM.attributes
                0x0000000000000f50       0x30 /usr/lib/gcc/arm-none-eabi/7.3.1/../../../arm-none-eabi/lib/libc.a(lib_a-mlock.o)
 .ARM.attributes
                0x0000000000000f80       0x30 /usr/lib/gcc/arm-none-eabi/7.3.1/../../../arm-none-eabi/lib/libc.a(lib_a-sbrkr.o)
 .ARM.attributes
                0x0000000000000fb0       0x30 /usr/lib/gcc/arm-none-eabi/7.3.1/../../../arm-none-eabi/lib/libc.a(lib_a-freer.o)
 .ARM.attributes
                0x0000000000000fe0       0x30 /usr/lib/gcc/arm-none-eabi/7.3.1/../../../arm-none-eabi/lib/libc.a(lib_a-reent.o)
 .ARM.attributes
                0x0000000000001010       0x18 /usr/lib/gcc/arm-none-eabi/7.3.1/crtn.o

.debug
 *(.debug)

.line
 *(.line)

.debug_srcinfo
 *(.debug_srcinfo)

.debug_sfnames
 *(.debug_sfnames)

.debug_aranges  0x0000000000000000      0xa20
 *(.debug_aranges)
 .debug_aranges
                0x0000000000000000       0x28 ./startup_stm32f10x_md.o
 .debug_aranges
                0x0000000000000028       0x20 ./core_cm3.o
 .debug_aranges
                0x0000000000000048       0x20 ./misc.o
 .debug_aranges
                0x0000000000000068       0x20 ./stm32f10x_dma.o
 .debug_aranges
                0x0000000000000088       0x20 ./stm32f10x_gpio.o
 .debug_aranges
                0x00000000000000a8       0x20 ./stm32f10x_rcc.o
 .debug_aranges
                0x00000000000000c8       0x20 ./stm32f10x_spi.o
 .debug_aranges
                0x00000000000000e8       0x20 ./stm32f10x_tim.o
 .debug_aranges
                0x0000000000000108       0x20 ./usb_mem.o
 .debug_aranges
                0x0000000000000128       0x20 ./usb_regs.o
 .debug_aranges
                0x0000000000000148       0x20 ./main.o
 .debug_aranges
                0x0000000000000168       0x20 ./usb_protocol_Versaloon.o
 .debug_aranges
                0x0000000000000188       0x20 ./vsfusbd_Versaloon.o
 .debug_aranges
                0x00000000000001a8       0x20 ./compiler_string.o
 .debug_aranges
                0x00000000000001c8       0x20 ./syscall.o
 .debug_aranges
                0x00000000000001e8       0x20 ./app_interfaces.o
 .debug_aranges
                0x0000000000000208       0x20 ./GPIO.o
 .debug_aranges
                0x0000000000000228       0x20 ./CLKO.o
 .debug_aranges
                0x0000000000000248       0x20 ./USART.o
 .debug_aranges
                0x0000000000000268       0x20 ./SPI.o
 .debug_aranges
                0x0000000000000288       0x20 ./JTAG_TAP.o
 .debug_aranges
                0x00000000000002a8       0x20 ./SWD.o
 .debug_aranges
                0x00000000000002c8       0x20 ./SWIM.o
 .debug_aranges
                0x00000000000002e8       0x20 ./DUSI.o
 .debug_aranges
                0x0000000000000308       0x20 ./MicroWire.o
 .debug_aranges
                0x0000000000000328       0x20 ./PowerExt.o
 .debug_aranges
                0x0000000000000348       0x20 ./IIC.o
 .debug_aranges
                0x0000000000000368       0x20 ./C2.o
 .debug_aranges
                0x0000000000000388       0x20 ./ISSP.o
 .debug_aranges
                0x00000000000003a8       0x20 ./LPC_ICP.o
 .debug_aranges
                0x00000000000003c8       0x20 ./MSP430_JTAG.o
 .debug_aranges
                0x00000000000003e8       0x20 ./BDM.o
 .debug_aranges
                0x0000000000000408       0x20 ./PWM.o
 .debug_aranges
                0x0000000000000428       0x20 ./ADC.o
 .debug_aranges
                0x0000000000000448       0x20 ./interfaces.o
 .debug_aranges
                0x0000000000000468       0x20 ./core.o
 .debug_aranges
                0x0000000000000488       0x20 ./STM32_CLKO.o
 .debug_aranges
                0x00000000000004a8       0x20 ./STM32_GPIO.o
 .debug_aranges
                0x00000000000004c8       0x20 ./STM32_USBD.o
 .debug_aranges
                0x00000000000004e8       0x20 ./STM32_SPI.o
 .debug_aranges
                0x0000000000000508       0x20 ./STM32_TIM.o
 .debug_aranges
                0x0000000000000528       0x20 ./STM32_EINT.o
 .debug_aranges
                0x0000000000000548       0x20 ./STM32_ADC.o
 .debug_aranges
                0x0000000000000568       0x20 ./STM32_USART.o
 .debug_aranges
                0x0000000000000588       0x20 ./STM32_EBI.o
 .debug_aranges
                0x00000000000005a8       0x20 ./STM32_FLASH.o
 .debug_aranges
                0x00000000000005c8       0x20 ./STM32_SDIO.o
 .debug_aranges
                0x00000000000005e8       0x20 ./usart_stream.o
 .debug_aranges
                0x0000000000000608       0x20 ./stream.o
 .debug_aranges
                0x0000000000000628       0x20 ./vsf_usbd.o
 .debug_aranges
                0x0000000000000648       0x20 ./vsfusbd_CDC.o
 .debug_aranges