Archive member included to satisfy reference by file (symbol)

/usr/lib/gcc/arm-none-eabi/9.2.1/libgcc.a(_aeabi_uldivmod.o)
                              ./fakefat32.o (__aeabi_uldivmod)
/usr/lib/gcc/arm-none-eabi/9.2.1/libgcc.a(_udivmoddi4.o)
                              /usr/lib/gcc/arm-none-eabi/9.2.1/libgcc.a(_aeabi_uldivmod.o) (__udivmoddi4)
/usr/lib/gcc/arm-none-eabi/9.2.1/libgcc.a(_dvmd_tls.o)
                              /usr/lib/gcc/arm-none-eabi/9.2.1/libgcc.a(_aeabi_uldivmod.o) (__aeabi_ldiv0)
/usr/lib/gcc/arm-none-eabi/9.2.1/libgcc.a(_clzdi2.o)
                              /usr/lib/gcc/arm-none-eabi/9.2.1/libgcc.a(_udivmoddi4.o) (__clzdi2)
/usr/lib/gcc/arm-none-eabi/9.2.1/libgcc.a(_clzsi2.o)
                              /usr/lib/gcc/arm-none-eabi/9.2.1/libgcc.a(_clzdi2.o) (__clzsi2)
/usr/lib/gcc/arm-none-eabi/9.2.1/../../../arm-none-eabi/lib/libc.a(lib_a-atexit.o)
                              /usr/lib/gcc/arm-none-eabi/9.2.1/../../../arm-none-eabi/lib/crt0.o (atexit)
/usr/lib/gcc/arm-none-eabi/9.2.1/../../../arm-none-eabi/lib/libc.a(lib_a-ctype_.o)
                              ./fakefat32.o (_ctype_)
/usr/lib/gcc/arm-none-eabi/9.2.1/../../../arm-none-eabi/lib/libc.a(lib_a-exit.o)
                              /usr/lib/gcc/arm-none-eabi/9.2.1/../../../arm-none-eabi/lib/crt0.o (exit)
/usr/lib/gcc/arm-none-eabi/9.2.1/../../../arm-none-eabi/lib/libc.a(lib_a-fini.o)
                              /usr/lib/gcc/arm-none-eabi/9.2.1/../../../arm-none-eabi/lib/crt0.o (__libc_fini_array)
/usr/lib/gcc/arm-none-eabi/9.2.1/../../../arm-none-eabi/lib/libc.a(lib_a-impure.o)
                              /usr/lib/gcc/arm-none-eabi/9.2.1/../../../arm-none-eabi/lib/libc.a(lib_a-exit.o) (_global_impure_ptr)
/usr/lib/gcc/arm-none-eabi/9.2.1/../../../arm-none-eabi/lib/libc.a(lib_a-init.o)
                              /usr/lib/gcc/arm-none-eabi/9.2.1/../../../arm-none-eabi/lib/crt0.o (__libc_init_array)
/usr/lib/gcc/arm-none-eabi/9.2.1/../../../arm-none-eabi/lib/libc.a(lib_a-malloc.o)
                              ./compiler_string.o (malloc)
/usr/lib/gcc/arm-none-eabi/9.2.1/../../../arm-none-eabi/lib/libc.a(lib_a-mallocr.o)
                              /usr/lib/gcc/arm-none-eabi/9.2.1/../../../arm-none-eabi/lib/libc.a(lib_a-malloc.o) (_malloc_r)
/usr/lib/gcc/arm-none-eabi/9.2.1/../../../arm-none-eabi/lib/libc.a(lib_a-mlock.o)
                              /usr/lib/gcc/arm-none-eabi/9.2.1/../../../arm-none-eabi/lib/libc.a(lib_a-mallocr.o) (__malloc_lock)
/usr/lib/gcc/arm-none-eabi/9.2.1/../../../arm-none-eabi/lib/libc.a(lib_a-sbrkr.o)
                              /usr/lib/gcc/arm-none-eabi/9.2.1/../../../arm-none-eabi/lib/libc.a(lib_a-mallocr.o) (_sbrk_r)
/usr/lib/gcc/arm-none-eabi/9.2.1/../../../arm-none-eabi/lib/libc.a(lib_a-__atexit.o)
                              /usr/lib/gcc/arm-none-eabi/9.2.1/../../../arm-none-eabi/lib/libc.a(lib_a-atexit.o) (__register_exitproc)
/usr/lib/gcc/arm-none-eabi/9.2.1/../../../arm-none-eabi/lib/libc.a(lib_a-__call_atexit.o)
                              /usr/lib/gcc/arm-none-eabi/9.2.1/../../../arm-none-eabi/lib/libc.a(lib_a-exit.o) (__call_exitprocs)
/usr/lib/gcc/arm-none-eabi/9.2.1/../../../arm-none-eabi/lib/libc.a(lib_a-freer.o)
                              /usr/lib/gcc/arm-none-eabi/9.2.1/../../../arm-none-eabi/lib/libc.a(lib_a-malloc.o) (_free_r)
/usr/lib/gcc/arm-none-eabi/9.2.1/../../../arm-none-eabi/lib/libc.a(lib_a-reent.o)
                              /usr/lib/gcc/arm-none-eabi/9.2.1/../../../arm-none-eabi/lib/libc.a(lib_a-sbrkr.o) (errno)

Allocating common symbols
Common symbol       size              file

errno               0x4               /usr/lib/gcc/arm-none-eabi/9.2.1/../../../arm-none-eabi/lib/libc.a(lib_a-reent.o)

Discarded input sections

 .text          0x0000000000000000        0x0 /usr/lib/gcc/arm-none-eabi/9.2.1/crti.o
 .data          0x0000000000000000        0x0 /usr/lib/gcc/arm-none-eabi/9.2.1/crti.o
 .bss           0x0000000000000000        0x0 /usr/lib/gcc/arm-none-eabi/9.2.1/crti.o
 .text          0x0000000000000000       0xdc /usr/lib/gcc/arm-none-eabi/9.2.1/crtbegin.o
 .data          0x0000000000000000        0x4 /usr/lib/gcc/arm-none-eabi/9.2.1/crtbegin.o
 .bss           0x0000000000000000       0x1c /usr/lib/gcc/arm-none-eabi/9.2.1/crtbegin.o
 .init_array    0x0000000000000000        0x4 /usr/lib/gcc/arm-none-eabi/9.2.1/crtbegin.o
 .fini_array    0x0000000000000000        0x4 /usr/lib/gcc/arm-none-eabi/9.2.1/crtbegin.o
 .eh_frame      0x0000000000000000        0x0 /usr/lib/gcc/arm-none-eabi/9.2.1/crtbegin.o
 .tm_clone_table
                0x0000000000000000        0x0 /usr/lib/gcc/arm-none-eabi/9.2.1/crtbegin.o
 .comment       0x0000000000000000       0x5a /usr/lib/gcc/arm-none-eabi/9.2.1/crtbegin.o
 .ARM.attributes
                0x0000000000000000       0x2a /usr/lib/gcc/arm-none-eabi/9.2.1/crtbegin.o
 .text          0x0000000000000000      0x128 /usr/lib/gcc/arm-none-eabi/9.2.1/../../../arm-none-eabi/lib/crt0.o
[...]
Memory Configuration

Name             Origin             Length             Attributes
RAM              0x0000000020000000 0x0000000000005000 xrw
FLASH            0x0000000008000000 0x0000000000020000 xr
FLASHB1          0x0000000000000000 0x0000000000000000 xr
EXTMEMB0         0x0000000000000000 0x0000000000000000 xr
EXTMEMB1         0x0000000000000000 0x0000000000000000 xr
EXTMEMB2         0x0000000000000000 0x0000000000000000 xr
EXTMEMB3         0x0000000000000000 0x0000000000000000 xr
*default*        0x0000000000000000 0xffffffffffffffff

Linker script and memory map

LOAD /usr/lib/gcc/arm-none-eabi/9.2.1/crti.o
LOAD /usr/lib/gcc/arm-none-eabi/9.2.1/crtbegin.o
LOAD /usr/lib/gcc/arm-none-eabi/9.2.1/../../../arm-none-eabi/lib/crt0.o
LOAD ./startup_stm32f10x_md.o
LOAD ./core_cm3.o
LOAD ./system_stm32f10x.o
LOAD ./misc.o
LOAD ./stm32f10x_dma.o
LOAD ./stm32f10x_gpio.o
LOAD ./stm32f10x_rcc.o
LOAD ./stm32f10x_spi.o
LOAD ./stm32f10x_tim.o
LOAD ./usb_mem.o
LOAD ./usb_regs.o
LOAD ./main.o
LOAD ./usb_protocol_Versaloon.o
LOAD ./vsfusbd_Versaloon.o
LOAD ./compiler_string.o
LOAD ./syscall.o
LOAD ./stlink.o
LOAD ./adi_v5p1.o
LOAD ./cm_common.o
LOAD ./app_interfaces.o
LOAD ./GPIO.o
LOAD ./CLKO.o
LOAD ./USART.o
LOAD ./SPI.o
LOAD ./SDIO.o
LOAD ./JTAG_TAP.o
LOAD ./SWD.o
LOAD ./SWIM.o
LOAD ./DUSI.o
LOAD ./MicroWire.o
LOAD ./PowerExt.o
LOAD ./IIC.o
LOAD ./C2.o
LOAD ./ISSP.o
LOAD ./LPC_ICP.o
LOAD ./MSP430_JTAG.o
LOAD ./BDM.o
LOAD ./PWM.o
LOAD ./EBI.o
LOAD ./ADC.o
LOAD ./interfaces.o
LOAD ./core.o
LOAD ./STM32_CLKO.o
LOAD ./STM32_GPIO.o
LOAD ./STM32_USBD.o
LOAD ./STM32_SPI.o
LOAD ./STM32_TIM.o
LOAD ./STM32_EINT.o
LOAD ./STM32_ADC.o
LOAD ./STM32_USART.o
LOAD ./STM32_EBI.o
LOAD ./STM32_FLASH.o
LOAD ./STM32_SDIO.o
LOAD ./usart_stream.o
LOAD ./stream.o
LOAD ./mal.o
LOAD ./vsf_usbd.o
LOAD ./vsfusbd_CDC.o
LOAD ./vsfusbd_CDCACM.o
LOAD ./vsfusbd_HID.o
LOAD ./vsfusbd_MSC_BOT.o
LOAD ./SCSI.o
LOAD ./buffer.o
LOAD ./fakefat32.o
LOAD ./crc.o
LOAD ./USB_TO_XXX.o
LOAD ./USB_TO_CLKO.o
LOAD ./USB_TO_USART.o
LOAD ./USB_TO_SPI.o
LOAD ./USB_TO_IIC.o
LOAD ./USB_TO_GPIO.o
LOAD ./USB_TO_PWM.o
LOAD ./USB_TO_ADC.o
LOAD ./USB_TO_DAC.o
LOAD ./USB_TO_POWER.o
LOAD ./USB_TO_C2.o
LOAD ./USB_TO_ISSP.o
LOAD ./USB_TO_LPCICP.o
LOAD ./USB_TO_MSP430_JTAG.o
LOAD ./USB_TO_JTAG_HL.o
LOAD ./USB_TO_SWD.o
LOAD ./USB_TO_JTAG_LL.o
LOAD ./USB_TO_SWIM.o
LOAD ./USB_TO_JTAG_RAW.o
LOAD ./USB_TO_BDM.o
LOAD ./USB_TO_DUSI.o
LOAD ./USB_TO_MICROWIRE.o
LOAD ./USB_TO_EBI.o
LOAD ./CommandProcessor.o
START GROUP
LOAD /usr/lib/gcc/arm-none-eabi/9.2.1/libgcc.a
LOAD /usr/lib/gcc/arm-none-eabi/9.2.1/../../../arm-none-eabi/lib/libc.a
END GROUP
LOAD /usr/lib/gcc/arm-none-eabi/9.2.1/crtend.o
LOAD /usr/lib/gcc/arm-none-eabi/9.2.1/crtn.o
                0x0000000000000400                _Stack_Size = 0x400
                0x0000000000000000                _Heap_Size = 0x0
                [!provide]                        PROVIDE (Undefined_Handler = 0x0)
                [!provide]                        PROVIDE (SWI_Handler = 0x0)
                [!provide]                        PROVIDE (IRQ_Handler = 0x0)
                [!provide]                        PROVIDE (Prefetch_Handler = 0x0)
                [!provide]                        PROVIDE (Abort_Handler = 0x0)
                [!provide]                        PROVIDE (FIQ_Handler = 0x0)
                [!provide]                        PROVIDE (NMIException = 0x0)
                [!provide]                        PROVIDE (HardFaultException = 0x0)
                [!provide]                        PROVIDE (MemManageException = 0x0)
                [!provide]                        PROVIDE (BusFaultException = 0x0)
                [!provide]                        PROVIDE (UsageFaultException = 0x0)
                [!provide]                        PROVIDE (SVCHandler = 0x0)
                [!provide]                        PROVIDE (DebugMonitor = 0x0)
                [!provide]                        PROVIDE (PendSVC = 0x0)
                [!provide]                        PROVIDE (SysTickHandler = 0x0)
                [!provide]                        PROVIDE (WWDG_IRQHandler = 0x0)
                [!provide]                        PROVIDE (PVD_IRQHandler = 0x0)
                [!provide]                        PROVIDE (TAMPER_IRQHandler = 0x0)
                [!provide]                        PROVIDE (RTC_IRQHandler = 0x0)
                [!provide]                        PROVIDE (FLASH_IRQHandler = 0x0)
                [!provide]                        PROVIDE (RCC_IRQHandler = 0x0)
                [!provide]                        PROVIDE (EXTI0_IRQHandler = 0x0)
                [!provide]                        PROVIDE (EXTI1_IRQHandler = 0x0)
                [!provide]                        PROVIDE (EXTI2_IRQHandler = 0x0)
                [!provide]                        PROVIDE (EXTI3_IRQHandler = 0x0)
                [!provide]                        PROVIDE (EXTI4_IRQHandler = 0x0)
                [!provide]                        PROVIDE (DMAChannel1_IRQHandler = 0x0)
                [!provide]                        PROVIDE (DMAChannel2_IRQHandler = 0x0)
                [!provide]                        PROVIDE (DMAChannel3_IRQHandler = 0x0)
                [!provide]                        PROVIDE (DMAChannel4_IRQHandler = 0x0)
                [!provide]                        PROVIDE (DMAChannel5_IRQHandler = 0x0)
                [!provide]                        PROVIDE (DMAChannel6_IRQHandler = 0x0)
                [!provide]                        PROVIDE (DMAChannel7_IRQHandler = 0x0)
                [!provide]                        PROVIDE (ADC_IRQHandler = 0x0)
                [!provide]                        PROVIDE (USB_HP_CAN_TX_IRQHandler = 0x0)
                [!provide]                        PROVIDE (USB_LP_CAN_RX0_IRQHandler = 0x0)
                [!provide]                        PROVIDE (CAN_RX1_IRQHandler = 0x0)
                [!provide]                        PROVIDE (CAN_SCE_IRQHandler = 0x0)
                [!provide]                        PROVIDE (EXTI9_5_IRQHandler = 0x0)
                [!provide]                        PROVIDE (TIM1_BRK_IRQHandler = 0x0)
                [!provide]                        PROVIDE (TIM1_UP_IRQHandler = 0x0)
                [!provide]                        PROVIDE (TIM1_TRG_COM_IRQHandler = 0x0)
                [!provide]                        PROVIDE (TIM1_CC_IRQHandler = 0x0)
                [!provide]                        PROVIDE (TIM2_IRQHandler = 0x0)
                [!provide]                        PROVIDE (TIM3_IRQHandler = 0x0)
                [!provide]                        PROVIDE (TIM4_IRQHandler = 0x0)
                [!provide]                        PROVIDE (I2C1_EV_IRQHandler = 0x0)
                [!provide]                        PROVIDE (I2C1_ER_IRQHandler = 0x0)
                [!provide]                        PROVIDE (I2C2_EV_IRQHandler = 0x0)
                [!provide]                        PROVIDE (I2C2_ER_IRQHandler = 0x0)
                [!provide]                        PROVIDE (SPI1_IRQHandler = 0x0)
                [!provide]                        PROVIDE (SPI2_IRQHandler = 0x0)
                [!provide]                        PROVIDE (USART1_IRQHandler = 0x0)
                [!provide]                        PROVIDE (USART2_IRQHandler = 0x0)
                [!provide]                        PROVIDE (USART3_IRQHandler = 0x0)
                [!provide]                        PROVIDE (EXTI15_10_IRQHandler = 0x0)
                [!provide]                        PROVIDE (RTCAlarm_IRQHandler = 0x0)
                [!provide]                        PROVIDE (USBWakeUp_IRQHandler = 0x0)
                0x0000000042000000                PERIPH_BB_BASE = 0x42000000
                0x0000000022000000                SRAM_BB_BASE = 0x22000000
                0x0000000020000000                SRAM_BASE = 0x20000000
                0x0000000040000000                PERIPH_BASE = 0x40000000
                [!provide]                        PROVIDE (FLASH_BASE = 0x40022000)
                [!provide]                        PROVIDE (OB_BASE = 0x1ffff800)
                0x0000000040000000                APB1PERIPH_BASE = PERIPH_BASE
                0x0000000040010000                APB2PERIPH_BASE = (PERIPH_BASE + 0x10000)
                0x0000000040020000                AHBPERIPH_BASE = (PERIPH_BASE + 0x20000)
                [!provide]                        PROVIDE (TIM2 = (APB1PERIPH_BASE + 0x0))
                [!provide]                        PROVIDE (TIM3 = (APB1PERIPH_BASE + 0x400))
                [!provide]                        PROVIDE (TIM4 = (APB1PERIPH_BASE + 0x800))
                [!provide]                        PROVIDE (RTC = (APB1PERIPH_BASE + 0x2800))
                [!provide]                        PROVIDE (WWDG = (APB1PERIPH_BASE + 0x2c00))
                [!provide]                        PROVIDE (IWDG = (APB1PERIPH_BASE + 0x3000))
                [!provide]                        PROVIDE (SPI2 = (APB1PERIPH_BASE + 0x3800))
                [!provide]                        PROVIDE (USART2 = (APB1PERIPH_BASE + 0x4400))
                [!provide]                        PROVIDE (USART3 = (APB1PERIPH_BASE + 0x4800))
                [!provide]                        PROVIDE (I2C1 = (APB1PERIPH_BASE + 0x5400))
                [!provide]                        PROVIDE (I2C2 = (APB1PERIPH_BASE + 0x5800))
                [!provide]                        PROVIDE (CAN = (APB1PERIPH_BASE + 0x6400))
                [!provide]                        PROVIDE (BKP = (APB1PERIPH_BASE + 0x6c00))
                [!provide]                        PROVIDE (PWR = (APB1PERIPH_BASE + 0x7000))
                [!provide]                        PROVIDE (AFIO = (APB2PERIPH_BASE + 0x0))
                [!provide]                        PROVIDE (EXTI = (APB2PERIPH_BASE + 0x400))
                [!provide]                        PROVIDE (GPIOA = (APB2PERIPH_BASE + 0x800))
                [!provide]                        PROVIDE (GPIOB = (APB2PERIPH_BASE + 0xc00))
                [!provide]                        PROVIDE (GPIOC = (APB2PERIPH_BASE + 0x1000))
                [!provide]                        PROVIDE (GPIOD = (APB2PERIPH_BASE + 0x1400))
                [!provide]                        PROVIDE (GPIOE = (APB2PERIPH_BASE + 0x1800))
                [!provide]                        PROVIDE (ADC1 = (APB2PERIPH_BASE + 0x2400))
                [!provide]                        PROVIDE (ADC2 = (APB2PERIPH_BASE + 0x2800))
                [!provide]                        PROVIDE (TIM1 = (APB2PERIPH_BASE + 0x2c00))
                [!provide]                        PROVIDE (SPI1 = (APB2PERIPH_BASE + 0x3000))
                [!provide]                        PROVIDE (USART1 = (APB2PERIPH_BASE + 0x3800))
                [!provide]                        PROVIDE (DMA = (AHBPERIPH_BASE + 0x0))
                [!provide]                        PROVIDE (DMA_Channel1 = (AHBPERIPH_BASE + 0x8))
                [!provide]                        PROVIDE (DMA_Channel2 = (AHBPERIPH_BASE + 0x1c))
                [!provide]                        PROVIDE (DMA_Channel3 = (AHBPERIPH_BASE + 0x30))
                [!provide]                        PROVIDE (DMA_Channel4 = (AHBPERIPH_BASE + 0x44))
                [!provide]                        PROVIDE (DMA_Channel5 = (AHBPERIPH_BASE + 0x58))
                [!provide]                        PROVIDE (DMA_Channel6 = (AHBPERIPH_BASE + 0x6c))
                [!provide]                        PROVIDE (DMA_Channel7 = (AHBPERIPH_BASE + 0x80))
                [!provide]                        PROVIDE (RCC = (AHBPERIPH_BASE + 0x1000))
                0x00000000e000e000                SCS_BASE = 0xe000e000
                [!provide]                        PROVIDE (SysTick = (SCS_BASE + 0x10))
                [!provide]                        PROVIDE (NVIC = (SCS_BASE + 0x100))
                [!provide]                        PROVIDE (SCB = (SCS_BASE + 0xd00))
                0x0000000020005000                _estack = 0x20005000

.isr_vector     0x0000000008000000      0x10c
                0x0000000008000000                . = ALIGN (0x4)
 *(.isr_vector)
 .isr_vector    0x0000000008000000      0x10c ./startup_stm32f10x_md.o
                0x0000000008000000                g_pfnVectors
                0x000000000800010c                . = ALIGN (0x4)

.flashtext      0x000000000800010c        0x0
                0x000000000800010c                . = ALIGN (0x4)
 *(.flashtext)
                0x000000000800010c                . = ALIGN (0x4)

.text           0x0000000008000110     0xdd8c
                0x0000000008000110                . = ALIGN (0x4)
 *(.text)
 .text          0x0000000008000110       0x8a ./core_cm3.o
                0x0000000008000110                __get_PSP
                0x0000000008000118                __set_PSP
                0x000000000800011e                __get_MSP
                0x0000000008000126                __set_MSP
                0x000000000800012c                __get_BASEPRI
                0x0000000008000132                __set_BASEPRI
                0x0000000008000138                __get_PRIMASK
                0x000000000800013e                __set_PRIMASK
                0x0000000008000144                __get_FAULTMASK
                0x000000000800014a                __set_FAULTMASK
                0x0000000008000150                __get_CONTROL
                0x0000000008000156                __set_CONTROL
                0x000000000800015c                __REV
                0x0000000008000160                __REV16
                0x0000000008000164                __REVSH
                0x0000000008000168                __RBIT
                0x000000000800016e                __LDREXB
                0x0000000008000176                __LDREXH
                0x000000000800017e                __LDREXW
                0x0000000008000184                __STREXB
                0x000000000800018c                __STREXH
                0x0000000008000194                __STREXW
 *fill*         0x000000000800019a        0x2 
 .text          0x000000000800019c       0xb0 ./misc.o
                0x000000000800019c                NVIC_PriorityGroupConfig
                0x00000000080001b0                NVIC_Init
                0x0000000008000208                NVIC_SetVectorTable
                0x000000000800021c                NVIC_SystemLPConfig
                0x0000000008000234                SysTick_CLKSourceConfig
 .text          0x000000000800024c      0x1a8 ./stm32f10x_dma.o
                0x000000000800024c                DMA_DeInit
                0x000000000800033c                DMA_Init
                0x0000000008000378                DMA_StructInit
                0x0000000008000392                DMA_Cmd
                0x00000000080003a4                DMA_ITConfig
                0x00000000080003b4                DMA_GetCurrDataCounter
                0x00000000080003ba                DMA_GetFlagStatus
                0x00000000080003d8                DMA_ClearFlag
                0x00000000080003ec                DMA_GetITStatus
                0x00000000080003f0                DMA_ClearITPendingBit
 .text          0x00000000080003f4      0x280 ./stm32f10x_gpio.o
                0x00000000080003f4                GPIO_DeInit
                0x00000000080004ac                GPIO_AFIODeInit
                0x00000000080004c2                GPIO_Init
                0x0000000008000562                GPIO_StructInit
                0x0000000008000570                GPIO_ReadInputDataBit
                0x000000000800057c                GPIO_ReadInputData
                0x0000000008000582                GPIO_ReadOutputDataBit
                0x000000000800058e                GPIO_ReadOutputData
                0x0000000008000594                GPIO_SetBits
                0x0000000008000598                GPIO_ResetBits
                0x000000000800059c                GPIO_WriteBit
                0x00000000080005a6                GPIO_Write
                0x00000000080005aa                GPIO_PinLockConfig
                0x00000000080005ba                GPIO_EventOutputConfig
                0x00000000080005d4                GPIO_EventOutputCmd
                0x00000000080005e0                GPIO_PinRemapConfig
                0x0000000008000640                GPIO_EXTILineConfig
                0x000000000800066a                GPIO_ETH_MediaInterfaceConfig
 .text          0x0000000008000674      0x33c ./stm32f10x_rcc.o
                0x0000000008000674                RCC_DeInit
                0x00000000080006b4                RCC_HSEConfig
                0x00000000080006ec                RCC_AdjustHSICalibrationValue
                0x0000000008000700                RCC_HSICmd
                0x000000000800070c                RCC_PLLConfig
                0x0000000008000720                RCC_PLLCmd
                0x000000000800072c                RCC_SYSCLKConfig
                0x0000000008000740                RCC_GetSYSCLKSource
                0x0000000008000750                RCC_HCLKConfig
                0x0000000008000764                RCC_PCLK1Config
                0x0000000008000778                RCC_PCLK2Config
                0x000000000800078c                RCC_ITConfig
                0x00000000080007a4                RCC_USBCLKConfig
                0x00000000080007b0                RCC_ADCCLKConfig
                0x00000000080007c4                RCC_LSEConfig
                0x00000000080007e4                RCC_LSICmd
                0x00000000080007f0                RCC_RTCCLKConfig
                0x0000000008000800                RCC_RTCCLKCmd
                0x000000000800080c                RCC_GetClocksFreq
                0x000000000800088c                RCC_AHBPeriphClockCmd
                0x00000000080008a4                RCC_APB2PeriphClockCmd
                0x00000000080008bc                RCC_APB1PeriphClockCmd
                0x00000000080008d4                RCC_APB2PeriphResetCmd
                0x00000000080008ec                RCC_APB1PeriphResetCmd
                0x0000000008000904                RCC_BackupResetCmd
                0x0000000008000910                RCC_ClockSecuritySystemCmd
                0x000000000800091c                RCC_MCOConfig
                0x0000000008000928                RCC_GetFlagStatus
                0x0000000008000950                RCC_WaitForHSEStartUp
                0x0000000008000980                RCC_ClearFlag
                0x0000000008000990                RCC_GetITStatus
                0x00000000080009a4                RCC_ClearITPendingBit
 .text          0x00000000080009b0      0x2b4 ./stm32f10x_spi.o
                0x00000000080009b0                SPI_I2S_DeInit
                0x0000000008000a14                SPI_Init
                0x0000000008000a52                I2S_Init
                0x0000000008000aec                SPI_StructInit
                0x0000000008000b04                I2S_StructInit
                0x0000000008000b12                SPI_Cmd
                0x0000000008000b2a                I2S_Cmd
                0x0000000008000b42                SPI_I2S_ITConfig
                0x0000000008000b5c                SPI_I2S_DMACmd
                0x0000000008000b6e                SPI_I2S_SendData
                0x0000000008000b72                SPI_I2S_ReceiveData
                0x0000000008000b78                SPI_NSSInternalSoftwareConfig
                0x0000000008000b96                SPI_SSOutputCmd
                0x0000000008000bae                SPI_DataSizeConfig
                0x0000000008000bc4                SPI_TransmitCRC
                0x0000000008000bd0                SPI_CalculateCRC
                0x0000000008000be8                SPI_GetCRC
                0x0000000008000bf4                SPI_GetCRCPolynomial
                0x0000000008000bfa                SPI_BiDirectionalLineConfig
                0x0000000008000c16                SPI_I2S_GetFlagStatus
                0x0000000008000c22                SPI_I2S_ClearFlag
                0x0000000008000c2a                SPI_I2S_GetITStatus
                0x0000000008000c52                SPI_I2S_ClearITPendingBit
 .text          0x0000000008000c64      0xb94 ./stm32f10x_tim.o
                0x0000000008000cd2                TIM_DeInit
                0x0000000008000e9c                TIM_TimeBaseInit
                0x0000000008000f30                TIM_OC1Init
                0x0000000008000fb8                TIM_OC2Init
                0x0000000008001038                TIM_OC3Init
                0x00000000080010b4                TIM_OC4Init
                0x000000000800111c                TIM_BDTRConfig
                0x000000000800113e                TIM_TimeBaseStructInit
                0x0000000008001150                TIM_OCStructInit
                0x0000000008001164                TIM_ICStructInit
                0x0000000008001174                TIM_BDTRStructInit
                0x0000000008001186                TIM_Cmd
                0x000000000800119e                TIM_CtrlPWMOutputs
                0x00000000080011ba                TIM_ITConfig
                0x00000000080011cc                TIM_GenerateEvent
                0x00000000080011d0                TIM_DMAConfig
                0x00000000080011d8                TIM_DMACmd
                0x00000000080011dc                TIM_InternalClockConfig
                0x00000000080011ea                TIM_ITRxExternalClockConfig
                0x0000000008001204                TIM_TIxExternalClockConfig
                0x0000000008001238                TIM_ETRConfig
                0x000000000800124c                TIM_ETRClockMode1Config
                0x0000000008001264                TIM_ETRClockMode2Config
                0x0000000008001276                TIM_PrescalerConfig
                0x000000000800127c                TIM_CounterModeConfig
                0x000000000800128c                TIM_SelectInputTrigger
                0x000000000800129c                TIM_EncoderInterfaceConfig
                0x00000000080012da                TIM_ForcedOC1Config
                0x00000000080012ea                TIM_ForcedOC2Config
                0x00000000080012fe                TIM_ForcedOC3Config
                0x000000000800130e                TIM_ForcedOC4Config
                0x0000000008001322                TIM_ARRPreloadConfig
                0x000000000800133a                TIM_SelectCOM
                0x0000000008001352                TIM_SelectCCDMA
                0x000000000800136a                TIM_CCPreloadControl
                0x0000000008001382                TIM_OC1PreloadConfig
                0x0000000008001392                TIM_OC2PreloadConfig
                0x00000000080013a6                TIM_OC3PreloadConfig
                0x00000000080013b6                TIM_OC4PreloadConfig
                0x00000000080013ca                TIM_OC1FastConfig
                0x00000000080013da                TIM_OC2FastConfig
                0x00000000080013ee                TIM_OC3FastConfig
                0x00000000080013fe                TIM_OC4FastConfig
                0x0000000008001412                TIM_ClearOC1Ref
                0x0000000008001422                TIM_ClearOC2Ref
                0x0000000008001432                TIM_ClearOC3Ref
                0x0000000008001442                TIM_ClearOC4Ref
                0x0000000008001452                TIM_OC1PolarityConfig
                0x0000000008001462                TIM_OC1NPolarityConfig
                0x0000000008001472                TIM_OC2PolarityConfig
                0x0000000008001486                TIM_OC2NPolarityConfig
                0x000000000800149a                TIM_OC3PolarityConfig
                0x00000000080014ae                TIM_OC3NPolarityConfig
                0x00000000080014c2                TIM_OC4PolarityConfig
                0x00000000080014d6                TIM_CCxCmd
                0x00000000080014f2                TIM_CCxNCmd
                0x000000000800150e                TIM_SelectOCxM
                0x0000000008001550                TIM_UpdateDisableConfig
                0x0000000008001568                TIM_UpdateRequestConfig
                0x0000000008001580                TIM_SelectHallSensor
                0x0000000008001598                TIM_SelectOnePulseMode
                0x00000000080015ae                TIM_SelectOutputTrigger
                0x00000000080015c4                TIM_SelectSlaveMode
                0x00000000080015da                TIM_SelectMasterSlaveMode
                0x00000000080015f0                TIM_SetCounter
                0x00000000080015f4                TIM_SetAutoreload
                0x00000000080015f8                TIM_SetCompare1
                0x00000000080015fc                TIM_SetCompare2
                0x0000000008001600                TIM_SetCompare3
                0x0000000008001604                TIM_SetCompare4
                0x000000000800160a                TIM_SetIC1Prescaler
                0x0000000008001620                TIM_SetIC2Prescaler
                0x000000000800163a                TIM_PWMIConfig
                0x000000000800169a                TIM_SetIC3Prescaler
                0x00000000080016b0                TIM_SetIC4Prescaler
                0x00000000080016ca                TIM_ICInit
                0x000000000800178a                TIM_SetClockDivision
                0x00000000080017a0                TIM_GetCapture1
                0x00000000080017a6                TIM_GetCapture2
                0x00000000080017ac                TIM_GetCapture3
                0x00000000080017b2                TIM_GetCapture4
                0x00000000080017ba                TIM_GetCounter
                0x00000000080017c0                TIM_GetPrescaler
                0x00000000080017c6                TIM_GetFlagStatus
                0x00000000080017d2                TIM_ClearFlag
                0x00000000080017da                TIM_GetITStatus
                0x00000000080017f0                TIM_ClearITPendingBit
 .text          0x00000000080017f8       0x42 ./usb_mem.o
                0x00000000080017f8                UserToPMABufferCopy
                0x0000000008001816                PMAToUserBufferCopy
 *fill*         0x000000000800183a        0x2 
 .text          0x000000000800183c      0x6c0 ./usb_regs.o
                0x000000000800183c                SetCNTR
                0x0000000008001848                GetCNTR
                0x0000000008001854                SetISTR
                0x0000000008001860                GetISTR
                0x000000000800186c                GetFNR
                0x0000000008001878                SetDADDR
                0x0000000008001884                GetDADDR
                0x0000000008001890                SetBTABLE
                0x00000000080018a0                GetBTABLE
                0x00000000080018ac                SetENDPOINT
                0x00000000080018ba                GetENDPOINT
                0x00000000080018ca                SetEPType
                0x00000000080018e6                GetEPType
                0x00000000080018f8                SetEPTxStatus
                0x000000000800192a                SetEPRxStatus
                0x000000000800195c                SetDouBleBuffEPStall
                0x0000000008001982                GetEPTxStatus
                0x0000000008001994                GetEPRxStatus
                0x00000000080019a6                SetEPTxValid
                0x00000000080019cc                SetEPRxValid
                0x00000000080019f2                SetEP_KIND
                0x0000000008001a10                ClearEP_KIND
                0x0000000008001a30                Clear_Status_Out
                0x0000000008001a34                Set_Status_Out
                0x0000000008001a38                SetEPDoubleBuff
                0x0000000008001a3c                ClearEPDoubleBuff
                0x0000000008001a40                GetTxStallStatus
                0x0000000008001a5a                GetRxStallStatus
                0x0000000008001a74                ClearEP_CTR_RX
                0x0000000008001a90                ClearEP_CTR_TX
                0x0000000008001aac                ToggleDTOG_RX
                0x0000000008001acc                ToggleDTOG_TX
                0x0000000008001aec                ClearDTOG_RX
                0x0000000008001b12                ClearDTOG_TX
                0x0000000008001b38                SetEPAddress
                0x0000000008001b5a                GetEPAddress
                0x0000000008001b6c                SetEPTxAddr
                0x0000000008001b8c                SetEPRxAddr
                0x0000000008001bac                GetEPTxAddr
                0x0000000008001bc8                GetEPRxAddr
                0x0000000008001be4                SetEPTxCount
                0x0000000008001c00                SetEPCountRxReg
                0x0000000008001c26                SetEPRxCount
                0x0000000008001c68                GetEPTxCount
                0x0000000008001c88                GetEPRxCount
                0x0000000008001ca8                SetEPDblBuffAddr
                0x0000000008001ce4                SetEPDblBuf0Addr
                0x0000000008001ce8                SetEPDblBuf1Addr
                0x0000000008001cec                GetEPDblBuf0Addr
                0x0000000008001cf0                GetEPDblBuf1Addr
                0x0000000008001cf4                SetEPDblBuffCount
                0x0000000008001d9c                SetEPDblBuf0Count
                0x0000000008001df8                SetEPDblBuf1Count
                0x0000000008001e54                GetEPDblBuf0Count
                0x0000000008001e58                GetEPDblBuf1Count
                0x0000000008001e5c                GetEPDblBufDir
                0x0000000008001ea4                FreeUserBuffer
                0x0000000008001eea                ToWord
                0x0000000008001ef0                ByteSwap
 .text          0x0000000008001efc      0x20c ./usb_protocol_Versaloon.o
                0x0000000008001efc                VOM_set_line_coding
                0x0000000008001f58                usb_protocol_init
                0x00000000080020e0                usb_protocol_poll
 .text          0x0000000008002108      0x1cc ./vsfusbd_Versaloon.o
 .text          0x00000000080022d4      0x14a ./compiler_string.o
                0x00000000080022d4                strlen
                0x00000000080022e4                strcmp
                0x00000000080022fc                strcpy
                0x0000000008002314                strncpy
                0x0000000008002336                strchr
                0x0000000008002350                strstr
                0x0000000008002378                strcat
                0x0000000008002396                strncat
                0x00000000080023ba                strdup
                0x00000000080023d2                memcpy
                0x00000000080023e8                memcmp
                0x000000000800240a                memset
 *fill*         0x000000000800241e        0x2 
 .text          0x0000000008002420       0x40 ./syscall.o
                0x0000000008002420                _sbrk
                0x000000000800243c                _open
                0x0000000008002442                _close
                0x0000000008002446                _fstat
                0x0000000008002450                _isatty
                0x0000000008002454                _lseek
                0x0000000008002458                _read
                0x000000000800245c                _write
 .text          0x0000000008002460      0x260 ./app_interfaces.o
                0x00000000080024d4                get_interface_name
                0x0000000008002668                GPIO_SetMode
                0x00000000080026b0                interface_assert
 .text          0x00000000080026c0      0x458 ./GPIO.o
                0x00000000080026c0                gpio_init
                0x00000000080026ca                gpio_fini
                0x00000000080026d4                gpio_config
                0x00000000080028bc                gpio_clear
                0x0000000008002930                gpio_set
                0x00000000080029a4                gpio_out
                0x0000000008002a6c                gpio_in
 .text          0x0000000008002b18       0x8c ./CLKO.o
                0x0000000008002b18                clko_init
                0x0000000008002b34                clko_fini
                0x0000000008002b50                clko_config
                0x0000000008002b6c                clko_enable
                0x0000000008002b88                clko_disable
 .text          0x0000000008002ba4       0xec ./USART.o
                0x0000000008002ba4                usart_init
                0x0000000008002bb8                usart_fini
                0x0000000008002bcc                usart_config
                0x0000000008002be8                usart_send
                0x0000000008002c10                usart_receive
                0x0000000008002c38                usart_status
                0x0000000008002c7c                usart_poll
 .text          0x0000000008002c90      0x2b8 ./SPI.o
                0x0000000008002da0                spi_init
                0x0000000008002daa                spi_fini
                0x0000000008002dc8                spi_config
                0x0000000008002e90                spi_select
                0x0000000008002eb0                spi_deselect
                0x0000000008002ed0                spi_io
 .text          0x0000000008002f48      0xbd0 ./JTAG_TAP.o
                0x0000000008003764                jtaghl_init
                0x000000000800376e                jtaghl_fini
                0x0000000008003778                jtaghl_config_speed
                0x0000000008003788                jtaghl_config_daisychain
                0x00000000080037ac                jtaghl_config
                0x00000000080037d2                jtaghl_tms
                0x00000000080037ea                jtaghl_runtest
                0x0000000008003822                jtaghl_register_callback
                0x0000000008003838                jtaghl_ir
                0x000000000800391c                jtaghl_dr
                0x00000000080039e0                jtagll_init
                0x00000000080039ea                jtagll_fini
                0x00000000080039ee                jtagll_config
                0x00000000080039f2                jtagll_tms
                0x0000000008003a20                jtagll_tms_clocks
                0x0000000008003a48                jtagll_scan
                0x0000000008003ad0                jtagraw_init
                0x0000000008003ada                jtagraw_fini
                0x0000000008003ade                jtagraw_config
                0x0000000008003aee                jtagraw_execute
 .text          0x0000000008003b18      0x480 ./SWD.o
                0x0000000008003b18                SWD_SeqIn_NoDelay
                0x0000000008003b6c                SWD_SeqOut_NoDelay
                0x0000000008003bb0                SWD_SeqIn_Delay
                0x0000000008003c3c                SWD_SeqOut_Delay
                0x0000000008003cb8                SWD_StopClock
                0x0000000008003cd4                SWD_Transaction
                0x0000000008003e00                SWD_Init
                0x0000000008003e28                SWD_Fini
                0x0000000008003e48                SWD_SetDelay
                0x0000000008003e78                SWD_SetTurnaround
                0x0000000008003e88                SWD_SetRetryCount
                0x0000000008003e94                swd_init
                0x0000000008003e9e                swd_fini
                0x0000000008003eb2                swd_config
                0x0000000008003edc                swd_seqout
                0x0000000008003f24                swd_seqin
                0x0000000008003f4c                swd_transact
 .text          0x0000000008003f98      0x818 ./SWIM.o
                0x00000000080040a4                swim_init
                0x00000000080040ae                swim_fini
                0x0000000008004134                swim_config
                0x00000000080042a0                swim_srst
                0x00000000080042bc                swim_wotf
                0x000000000800436a                swim_rotf
                0x0000000008004510                swim_sync
                0x00000000080045d4                swim_enable
 .text          0x00000000080047b0      0x10c ./DUSI.o
                0x00000000080047b0                dusi_init
                0x00000000080047d4                dusi_fini
                0x00000000080047f8                dusi_config
                0x0000000008004860                dusi_io
 .text          0x00000000080048bc      0x260 ./MicroWire.o
                0x0000000008004920                microwire_init
                0x000000000800492a                microwire_fini
                0x0000000008004968                microwire_config
                0x00000000080049c8                microwire_transport
                0x0000000008004ac4                microwire_poll
 .text          0x0000000008004b1c      0x1c8 ./PowerExt.o
                0x0000000008004b1c                PWREXT_Acquire
                0x0000000008004b54                PWREXT_Release
                0x0000000008004b80                PWREXT_ForceRelease
                0x0000000008004b94                PWREXT_GetState
                0x0000000008004ba0                target_voltage_get
                0x0000000008004bbc                target_voltage_poll
                0x0000000008004c58                target_voltage_set
 .text          0x0000000008004ce4      0x508 ./IIC.o
                0x0000000008004efc                EMIIC_USBTOXXX_SetParameter
                0x0000000008004f24                EMIIC_USBTOXXX_Send
                0x0000000008004f90                EMIIC_USBTOXXX_Receive
                0x00000000080050c8                EMIIC_USBTOXXX_Init
                0x00000000080050f0                EMIIC_USBTOXXX_DeInit
                0x00000000080050f4                iic_init
                0x000000000800511c                iic_fini
                0x0000000008005150                iic_config
                0x000000000800517e                iic_read
                0x00000000080051b8                iic_write
 .text          0x00000000080051ec      0x3d4 ./C2.o
                0x00000000080051ec                C2_Init
                0x0000000008005220                C2_Fini
                0x0000000008005240                C2_ReadAddr
                0x00000000080052f0                C2_WriteAddr
                0x0000000008005388                C2_ReadData
                0x0000000008005468                C2_WriteData
                0x0000000008005534                c2_init
                0x0000000008005548                c2_fini
                0x000000000800555c                c2_addr_write
                0x0000000008005572                c2_addr_read
                0x0000000008005588                c2_data_read
                0x00000000080055a4                c2_data_write
 .text          0x00000000080055c0      0x3f0 ./ISSP.o
                0x0000000008005620                ISSP_Vector
                0x00000000080056d4                ISSP_Vector_0s
                0x0000000008005704                issp_enter_program_mode
                0x0000000008005824                issp_leave_program_mode
                0x0000000008005890                issp_wait_and_poll
                0x0000000008005918                issp_fini
                0x0000000008005954                issp_init
                0x0000000008005960                issp_vector
 .text          0x00000000080059b0      0x270 ./LPC_ICP.o
                0x0000000008005a84                lpcicp_init
                0x0000000008005acc                lpcicp_fini
                0x0000000008005b04                lpcicp_enter_program_mode
                0x0000000008005b84                lpcicp_in
                0x0000000008005b9c                lpcicp_out
                0x0000000008005bb4                lpcicp_poll_ready
 .text          0x0000000008005c20      0x478 ./MSP430_JTAG.o
                0x0000000008005d2c                msp430jtag_init
                0x0000000008005d36                msp430jtag_fini
                0x0000000008005d70                msp430jtag_config
                0x0000000008005e4c                msp430jtag_ir
                0x0000000008005ee4                msp430jtag_dr
                0x0000000008005f10                msp430jtag_tclk
                0x0000000008005f30                msp430jtag_tclk_strobe
                0x0000000008005f70                msp430jtag_reset
                0x000000000800601c                msp430jtag_poll
 .text          0x0000000008006098      0x5f8 ./BDM.o
                0x0000000008006114                bdm_init
                0x0000000008006314                bdm_fini
                0x0000000008006328                bdm_sync
                0x0000000008006448                bdm_transact
 .text          0x0000000008006690      0x3fc ./PWM.o
                0x0000000008006690                pwm_init
                0x00000000080067a0                pwm_fini
                0x0000000008006820                pwm_config_freq
                0x0000000008006874                pwm_config_mode
                0x0000000008006990                pwm_out
                0x0000000008006a10                pwm_in
 .text          0x0000000008006a8c       0x62 ./ADC.o
                0x0000000008006a8c                adc_init
                0x0000000008006a96                adc_fini
                0x0000000008006aa0                adc_config
                0x0000000008006aaa                adc_config_channel
                0x0000000008006ab4                adc_get_max_value
                0x0000000008006aba                adc_calibrate
                0x0000000008006ac4                adc_start
                0x0000000008006ace                adc_isready
                0x0000000008006ad8                adc_get
                0x0000000008006adc                adc_sample
 .text          0x0000000008006aee        0x4 ./interfaces.o
                0x0000000008006aee                peripheral_commit
 *fill*         0x0000000008006af2        0x2 
 .text          0x0000000008006af4      0x408 ./core.o
                0x0000000008006af4                stm32_interface_get_info
                0x0000000008006b00                stm32_interface_fini
                0x0000000008006b04                stm32_interface_reset
                0x0000000008006b20                stm32_interface_set_stack
                0x0000000008006b2a                stm32_interface_init
                0x0000000008006ce8                stm32_uid_get
                0x0000000008006d08                stm32_delay_init
                0x0000000008006d50                stm32_delay_delayus
                0x0000000008006d70                stm32_delay_delayms
                0x0000000008006d8c                stm32_tickclk_start
                0x0000000008006da0                stm32_tickclk_stop
                0x0000000008006db4                stm32_tickclk_get_count
                0x0000000008006ddc                stm32_tickclk_init
                0x0000000008006edc                stm32_tickclk_fini
 .text          0x0000000008006efc      0x100 ./STM32_CLKO.o
                0x0000000008006efc                stm32_clko_init
                0x0000000008006f30                stm32_clko_fini
                0x0000000008006f58                stm32_clko_config
                0x0000000008006fcc                stm32_clko_enable
                0x0000000008006fe4                stm32_clko_disable
 .text          0x0000000008006ffc      0x1bc ./STM32_GPIO.o
                0x0000000008006ffc                stm32_gpio_init
                0x0000000008007010                stm32_gpio_fini
                0x0000000008007030                stm32_gpio_config_pin
                0x0000000008007088                stm32_gpio_config
                0x0000000008007158                stm32_gpio_set
                0x0000000008007168                stm32_gpio_clear
                0x0000000008007178                stm32_gpio_out
                0x0000000008007192                stm32_gpio_in
                0x00000000080071a6                stm32_gpio_get
 .text          0x00000000080071b8      0x914 ./STM32_USBD.o
                0x0000000008007218                stm32_usbd_init
                0x00000000080072d4                stm32_usbd_fini
                0x00000000080072ec                stm32_usbd_reset
                0x00000000080072f0                stm32_usbd_connect
                0x00000000080072f4                stm32_usbd_disconnect
                0x00000000080072f8                stm32_usbd_set_address
                0x0000000008007306                stm32_usbd_get_address
                0x0000000008007314                stm32_usbd_suspend
                0x0000000008007318                stm32_usbd_resume
                0x000000000800731c                stm32_usbd_lowpower
                0x0000000008007320                stm32_usbd_get_frame_number
                0x000000000800732c                stm32_usbd_prepare_buffer
                0x000000000800733c                stm32_usbd_ep_reset
                0x0000000008007340                stm32_usbd_ep_set_type
                0x000000000800739c                stm32_usbd_ep_is_IN_dbuffer
                0x00000000080073b8                stm32_usbd_ep_switch_IN_buffer
                0x00000000080073d4                stm32_usbd_ep_set_IN_epsize
                0x0000000008007434                stm32_usbd_ep_get_IN_epsize
                0x0000000008007450                stm32_usbd_ep_set_IN_dbuffer
                0x00000000080074d0                stm32_usbd_ep_set_IN_stall
                0x00000000080074ec                stm32_usbd_ep_clear_IN_stall
                0x0000000008007508                stm32_usbd_ep_is_IN_stall
                0x0000000008007526                stm32_usbd_ep_reset_IN_toggle
                0x0000000008007540                stm32_usbd_ep_toggle_IN_toggle
                0x000000000800755a                stm32_usbd_ep_set_IN_count
                0x00000000080075b0                stm32_usbd_ep_write_IN_buffer
                0x0000000008007600                stm32_usbd_ep_is_OUT_dbuffer
                0x000000000800761c                stm32_usbd_ep_switch_OUT_buffer
                0x0000000008007638                stm32_usbd_ep_set_OUT_epsize
                0x00000000080076a4                stm32_usbd_ep_get_OUT_epsize
                0x00000000080076c0                stm32_usbd_ep_set_OUT_dbuffer
                0x0000000008007748                stm32_usbd_ep_set_OUT_stall
                0x0000000008007766                stm32_usbd_ep_clear_OUT_stall
                0x000000000800778e                stm32_usbd_ep_is_OUT_stall
                0x00000000080077ac                stm32_usbd_ep_reset_OUT_toggle
                0x00000000080077c6                stm32_usbd_ep_toggle_OUT_toggle
                0x00000000080077e0                stm32_usbd_ep_get_OUT_count
                0x0000000008007824                stm32_usbd_ep_read_OUT_buffer
                0x0000000008007874                stm32_usbd_get_setup
                0x0000000008007896                stm32_usbd_ep_enable_OUT
                0x00000000080078b4                CTR_LP
                0x00000000080079a8                CTR_HP
                0x0000000008007a14                USB_Istr
                0x0000000008007ab8                stm32_usbd_poll
                0x0000000008007ac2                USB_LP_CAN1_RX0_IRQHandler
                0x0000000008007ac6                USB_HP_CAN1_TX_IRQHandler
                0x0000000008007aca                USBWakeUp_IRQHandler
 .text          0x0000000008007acc      0x45c ./STM32_SPI.o
                0x0000000008007acc                stm32_spi_init
                0x0000000008007b4c                stm32_spi_fini
                0x0000000008007bdc                stm32_spi_enable
                0x0000000008007bf8                stm32_spi_disable
                0x0000000008007c18                stm32_spi_get_ability
                0x0000000008007c56                stm32_spi_config
                0x0000000008007dc4                stm32_spi_select
                0x0000000008007dca                stm32_spi_deselect
                0x0000000008007dd0                stm32_spi_io_tx
                0x0000000008007de4                stm32_spi_io_tx_isready
                0x0000000008007e00                stm32_spi_io_rx_isready
                0x0000000008007e18                stm32_spi_io_rx
                0x0000000008007e2c                stm32_spi_io
                0x0000000008007ea4                stm32_spi_io_dma_start
                0x0000000008007f20                stm32_spi_io_dma_isready
                0x0000000008007f24                stm32_spi_io_dma_end
 .text          0x0000000008007f28      0x118 ./STM32_TIM.o
                0x0000000008007f28                stm32_timer_init
                0x0000000008007f9c                stm32_timer_fini
                0x0000000008007fb0                stm32_timer_config
                0x0000000008007fb4                stm32_timer_start
                0x0000000008007fcc                stm32_timer_stop
                0x0000000008007fe8                stm32_timer_get_count
                0x0000000008007ffc                stm32_timer_set_count
                0x0000000008008010                stm32_timer_config_channel
                0x0000000008008014                stm32_timer_get_channel
                0x000000000800802c                stm32_timer_set_channel
 .text          0x0000000008008040      0x1b0 ./STM32_EINT.o
                0x0000000008008064                stm32_eint_init
                0x0000000008008090                stm32_eint_fini
                0x00000000080080bc                stm32_eint_config
                0x0000000008008138                stm32_eint_enable
                0x0000000008008150                stm32_eint_disable
                0x000000000800816c                stm32_eint_trigger
                0x0000000008008184                EXTI0_IRQHandler
                0x0000000008008188                EXTI1_IRQHandler
                0x000000000800818c                EXTI2_IRQHandler
                0x0000000008008190                EXTI3_IRQHandler
                0x0000000008008194                EXTI4_IRQHandler
                0x0000000008008198                EXTI9_5_IRQHandler
                0x00000000080081c4                EXTI15_10_IRQHandler
 .text          0x00000000080081f0      0x2c0 ./STM32_ADC.o
                0x00000000080081f0                stm32_adc_init
                0x000000000800826c                stm32_adc_fini
                0x0000000008008298                stm32_adc_config
                0x00000000080082e8                stm32_adc_config_channel
                0x0000000008008408                stm32_adc_calibrate
                0x000000000800843c                stm32_adc_get_max_value
                0x0000000008008442                stm32_adc_start
                0x0000000008008464                stm32_adc_isready
                0x000000000800847c                stm32_adc_get
                0x000000000800848c                stm32_adc_sample
 .text          0x00000000080084b0      0x22c ./STM32_USART.o
                0x00000000080084b0                stm32_usart_init
                0x000000000800850c                stm32_usart_fini
                0x0000000008008574                stm32_usart_config
                0x00000000080085fc                stm32_usart_config_callback
                0x0000000008008644                stm32_usart_tx
                0x0000000008008658                stm32_usart_tx_isready
                0x0000000008008674                stm32_usart_rx
                0x0000000008008688                stm32_usart_rx_isready
                0x00000000080086a4                USART1_IRQHandler
 .text          0x00000000080086dc      0x770 ./STM32_EBI.o
                0x00000000080088b4                stm32_ebi_init
                0x000000000800898c                stm32_ebi_fini
                0x0000000008008a5c                stm32_ebi_config_nor
                0x0000000008008a62                stm32_ebi_config_sram
                0x0000000008008a80                stm32_ebi_config_psram
                0x0000000008008a9c                stm32_ebi_config_nand
                0x0000000008008bf4                stm32_ebi_config_sdram
                0x0000000008008bfa                stm32_ebi_config_ddram
                0x0000000008008c00                stm32_ebi_config_pccard
                0x0000000008008c0c                stm32_ebi_config
                0x0000000008008c5a                stm32_ebi_get_base_addr
                0x0000000008008c8e                stm32_ebi_isready
                0x0000000008008cd8                stm32_ebi_read8
                0x0000000008008cee                stm32_ebi_write8
                0x0000000008008d06                stm32_ebi_read16
                0x0000000008008d1e                stm32_ebi_write16
                0x0000000008008d36                stm32_ebi_read32
                0x0000000008008d3a                stm32_ebi_write32
                0x0000000008008d3c                stm32_ebi_readp32
                0x0000000008008d42                stm32_ebi_readp32_isready
                0x0000000008008d48                stm32_ebi_writep32
                0x0000000008008d4e                stm32_ebi_writep32_isready
                0x0000000008008d54                stm32_ebi_read
                0x0000000008008dce                stm32_ebi_write
 .text          0x0000000008008e4c      0x2e8 ./STM32_FLASH.o
                0x0000000008008e4c                stm32_flash_init
                0x0000000008008e56                stm32_flash_fini
                0x0000000008008e60                stm32_flash_getcapacity
                0x0000000008008e98                stm32_flash_lock
                0x0000000008008edc                stm32_flash_unlock
                0x0000000008008f34                stm32_flash_read
                0x0000000008008f50                stm32_flash_read_isready
                0x0000000008008f5a                stm32_flash_write
                0x0000000008008fcc                stm32_flash_write_isready
                0x0000000008008fd6                stm32_flash_readpage
                0x0000000008009004                stm32_flash_readpage_isready
                0x000000000800900e                stm32_flash_erasepage
                0x0000000008009054                stm32_flash_erasepage_isready
                0x000000000800909c                stm32_flash_writepage
                0x00000000080090bc                stm32_flash_writepage_isready
                0x00000000080090c0                stm32_flash_protect
                0x0000000008009120                stm32_flash_isprotected
 .text          0x0000000008009134      0x2bc ./STM32_SDIO.o
                0x0000000008009134                stm32_sdio_fini
                0x0000000008009158                stm32_sdio_init
                0x00000000080091a4                stm32_sdio_config
                0x0000000008009208                stm32_sdio_start
                0x0000000008009218                stm32_sdio_stop
                0x0000000008009224                stm32_sdio_send_cmd
                0x000000000800923c                stm32_sdio_send_cmd_isready
                0x000000000800927c                stm32_sdio_get_resp
                0x00000000080092ac                stm32_sdio_data_tx
                0x0000000008009318                stm32_sdio_data_tx_isready
                0x0000000008009324                stm32_sdio_data_rx
                0x000000000800939c                stm32_sdio_data_rx_isready
 .text          0x00000000080093f0      0x130 ./usart_stream.o
                0x000000000800940e                usart_stream_init
                0x0000000008009454                usart_stream_fini
                0x0000000008009488                usart_stream_config
                0x00000000080094b8                usart_stream_rx
                0x00000000080094be                usart_stream_tx
                0x00000000080094c4                usart_stream_poll
 .text          0x0000000008009520       0x3c ./stream.o
                0x0000000008009520                stream_init
                0x000000000800952e                stream_fini
                0x0000000008009532                stream_rx
                0x000000000800953a                stream_tx
                0x0000000008009554                stream_get_data_size
                0x0000000008009558                stream_get_free_size
 .text          0x000000000800955c      0xe6c ./vsf_usbd.o
                0x00000000080097d4                vsfusbd_on_UNDERFLOW
                0x00000000080097d8                vsfusbd_on_WAKEUP
                0x00000000080097e4                vsfusbd_on_SUSPEND
                0x00000000080097f8                vsfusbd_on_SOF
                0x0000000008009804                vsfusbd_on_ERROR
                0x00000000080099e0                vsfusbd_on_OVERFLOW
                0x0000000008009a14                vsfusbd_device_get_descriptor
                0x0000000008009ae8                vsfusbd_on_RESET
                0x0000000008009be0                vsfusbd_set_IN_handler
                0x0000000008009bf4                vsfusbd_set_OUT_handler
                0x0000000008009c06                vsfusbd_device_poll
                0x0000000008009d32                vsfusbd_ep_receive_nb
                0x0000000008009d7c                vsfusbd_ep_receive_nb_isready
                0x0000000008009db0                vsfusbd_ep_receive
                0x0000000008009de0                vsfusbd_ep_send_nb
                0x0000000008009eec                vsfusbd_ep_send_nb_isready
                0x0000000008009f02                vsfusbd_ep_send
                0x0000000008009f34                vsfusbd_auto_init
                0x000000000800a0d8                vsfusbd_get_class_request_filter
                0x000000000800a0f8                vsfusbd_on_SETUP
                0x000000000800a2a8                vsfusbd_on_RESUME
                0x000000000800a2bc                vsfusbd_on_ATTACH
                0x000000000800a2c8                vsfusbd_on_DETACH
                0x000000000800a2d4                vsfusbd_device_init
                0x000000000800a3a0                vsfusbd_device_fini
 .text          0x000000000800a3c8      0x270 ./vsfusbd_CDC.o
 .text          0x000000000800a638      0x1bc ./vsfusbd_CDCACM.o
 .text          0x000000000800a7f4      0x1f8 ./buffer.o
                0x000000000800a7f4                vsf_fifo_init
                0x000000000800a7fe                vsf_fifo_get_data_length
                0x000000000800a810                vsf_fifo_get_avail_length
                0x000000000800a824                vsf_fifo_push8
                0x000000000800a848                vsf_fifo_pop8
                0x000000000800a866                vsf_fifo_push
                0x000000000800a8c8                vsf_fifo_peek_consequent
                0x000000000800a900                vsf_fifo_peek
                0x000000000800a94a                vsf_fifo_pop
                0x000000000800a970                vsf_multibuf_init
                0x000000000800a97a                vsf_multibuf_get_empty
                0x000000000800a98e                vsf_multibuf_push
                0x000000000800a9b0                vsf_multibuf_get_payload
                0x000000000800a9c0                vsf_multibuf_pop
                0x000000000800a9e0                vsf_bufmgr_init
                0x000000000800a9e6                vsf_bufmgr_malloc
                0x000000000800a9ea                vsf_bufmgr_free
 .text          0x000000000800a9ec      0x598 ./USB_TO_XXX.o
                0x000000000800a9ec                USB_TO_XXX_Init
                0x000000000800aa04                USB_TO_XXX_ProcessCmd
 .text          0x000000000800af84       0xd8 ./USB_TO_CLKO.o
                0x000000000800af84                USB_TO_CLKO_ProcessCmd
 .text          0x000000000800b05c       0xf0 ./USB_TO_SPI.o
                0x000000000800b05c                USB_TO_SPI_ProcessCmd
 .text          0x000000000800b14c      0x12c ./USB_TO_IIC.o
                0x000000000800b14c                USB_TO_IIC_ProcessCmd
 .text          0x000000000800b278      0x12c ./USB_TO_GPIO.o
                0x000000000800b278                USB_TO_GPIO_ProcessCmd
 .text          0x000000000800b3a4       0xf8 ./USB_TO_PWM.o
                0x000000000800b3a4                USB_TO_PWM_ProcessCmd
 .text          0x000000000800b49c      0x164 ./USB_TO_ADC.o
                0x000000000800b49c                USB_TO_ADC_ProcessCmd
 .text          0x000000000800b600       0xfc ./USB_TO_POWER.o
                0x000000000800b600                USB_TO_POWER_ProcessCmd
 .text          0x000000000800b6fc      0x108 ./USB_TO_C2.o
                0x000000000800b6fc                USB_TO_C2_ProcessCmd
 .text          0x000000000800b804      0x130 ./USB_TO_ISSP.o
                0x000000000800b804                USB_TO_ISSP_ProcessCmd
 .text          0x000000000800b934      0x110 ./USB_TO_LPCICP.o
                0x000000000800b934                USB_TO_LPCICP_ProcessCmd
 .text          0x000000000800ba44      0x1f8 ./USB_TO_MSP430_JTAG.o
                0x000000000800ba44                USB_TO_MSP430_JTAG_ProcessCmd
 .text          0x000000000800bc3c      0x188 ./USB_TO_JTAG_HL.o
                0x000000000800bc3c                USB_TO_JTAG_HL_ProcessCmd
 .text          0x000000000800bdc4      0x17c ./USB_TO_SWD.o
                0x000000000800bdc4                USB_TO_SWD_ProcessCmd
 .text          0x000000000800bf40      0x160 ./USB_TO_JTAG_LL.o
                0x000000000800bf40                USB_TO_JTAG_LL_ProcessCmd
 .text          0x000000000800c0a0      0x154 ./USB_TO_SWIM.o
                0x000000000800c0a0                USB_TO_SWIM_ProcessCmd
 .text          0x000000000800c1f4      0x104 ./USB_TO_JTAG_RAW.o
                0x000000000800c1f4                USB_TO_JTAG_RAW_ProcessCmd
 .text          0x000000000800c2f8      0x178 ./USB_TO_BDM.o
                0x000000000800c2f8                USB_TO_BDM_ProcessCmd
 .text          0x000000000800c470      0x104 ./USB_TO_DUSI.o
                0x000000000800c470                USB_TO_DUSI_ProcessCmd
 .text          0x000000000800c574      0x1e8 ./USB_TO_MICROWIRE.o
                0x000000000800c574                USB_TO_MICROWIRE_ProcessCmd
 .text          0x000000000800c75c       0xb0 ./CommandProcessor.o
                0x000000000800c75c                ProcessCommand
 .text          0x000000000800c80c       0x40 /usr/lib/gcc/arm-none-eabi/9.2.1/../../../arm-none-eabi/lib/libc.a(lib_a-malloc.o)
                0x000000000800c80c                malloc
                0x000000000800c82c                free
 .text          0x000000000800c84c      0x7b4 /usr/lib/gcc/arm-none-eabi/9.2.1/../../../arm-none-eabi/lib/libc.a(lib_a-mallocr.o)
                0x000000000800c84c                _malloc_r
 .text          0x000000000800d000        0x8 /usr/lib/gcc/arm-none-eabi/9.2.1/../../../arm-none-eabi/lib/libc.a(lib_a-mlock.o)
                0x000000000800d000                __malloc_lock
                0x000000000800d004                __malloc_unlock
 .text          0x000000000800d008       0x44 /usr/lib/gcc/arm-none-eabi/9.2.1/../../../arm-none-eabi/lib/libc.a(lib_a-sbrkr.o)
                0x000000000800d008                _sbrk_r
 .text          0x000000000800d04c      0x3e0 /usr/lib/gcc/arm-none-eabi/9.2.1/../../../arm-none-eabi/lib/libc.a(lib_a-freer.o)
                0x000000000800d04c                _malloc_trim_r
                0x000000000800d14c                _free_r
 *(.text.*)
 .text.Reset_Handler
                0x000000000800d42c       0x40 ./startup_stm32f10x_md.o
                0x000000000800d42c                Reset_Handler
 .text.Default_Handler
                0x000000000800d46c        0x2 ./startup_stm32f10x_md.o
                0x000000000800d46c                DebugMon_Handler
                0x000000000800d46c                TIM1_CC_IRQHandler
                0x000000000800d46c                HardFault_Handler
                0x000000000800d46c                SysTick_Handler
                0x000000000800d46c                PVD_IRQHandler
                0x000000000800d46c                PendSV_Handler
                0x000000000800d46c                NMI_Handler
                0x000000000800d46c                I2C2_EV_IRQHandler
                0x000000000800d46c                UsageFault_Handler
                0x000000000800d46c                ADC1_2_IRQHandler
                0x000000000800d46c                SPI1_IRQHandler
                0x000000000800d46c                TAMPER_IRQHandler
                0x000000000800d46c                DMA1_Channel4_IRQHandler
                0x000000000800d46c                USART3_IRQHandler
                0x000000000800d46c                RTC_IRQHandler
                0x000000000800d46c                DMA1_Channel7_IRQHandler
                0x000000000800d46c                CAN1_RX1_IRQHandler
                0x000000000800d46c                TIM4_IRQHandler
                0x000000000800d46c                I2C1_EV_IRQHandler
                0x000000000800d46c                DMA1_Channel6_IRQHandler
                0x000000000800d46c                TIM3_IRQHandler
                0x000000000800d46c                RCC_IRQHandler
                0x000000000800d46c                TIM1_TRG_COM_IRQHandler
                0x000000000800d46c                DMA1_Channel1_IRQHandler
                0x000000000800d46c                Default_Handler
                0x000000000800d46c                SPI2_IRQHandler
                0x000000000800d46c                MemManage_Handler
                0x000000000800d46c                SVC_Handler
                0x000000000800d46c                DMA1_Channel5_IRQHandler
                0x000000000800d46c                DMA1_Channel3_IRQHandler
                0x000000000800d46c                TIM1_UP_IRQHandler
                0x000000000800d46c                WWDG_IRQHandler
                0x000000000800d46c                TIM2_IRQHandler
                0x000000000800d46c                TIM1_BRK_IRQHandler
                0x000000000800d46c                RTCAlarm_IRQHandler
                0x000000000800d46c                USART2_IRQHandler
                0x000000000800d46c                I2C2_ER_IRQHandler
                0x000000000800d46c                DMA1_Channel2_IRQHandler
                0x000000000800d46c                CAN1_SCE_IRQHandler
                0x000000000800d46c                FLASH_IRQHandler
                0x000000000800d46c                BusFault_Handler
                0x000000000800d46c                I2C1_ER_IRQHandler
 *fill*         0x000000000800d46e        0x2 
 .text.startup  0x000000000800d470       0x30 ./main.o
                0x000000000800d470                main
 *(.rodata)
 .rodata        0x000000000800d4a0      0x158 ./usb_protocol_Versaloon.o
 .rodata        0x000000000800d5f8       0x1c ./vsfusbd_Versaloon.o
                0x000000000800d5f8                vsfusbd_Versaloon_class
 *fill*         0x000000000800d614        0x4 
 .rodata        0x000000000800d618      0x268 ./app_interfaces.o
                0x000000000800d618                app_interfaces
 .rodata        0x000000000800d880      0x31c ./interfaces.o
                0x000000000800d880                core_interfaces
 .rodata        0x000000000800db9c        0x1 ./STM32_USBD.o
                0x000000000800db9c                stm32_usbd_ep_num
 *fill*         0x000000000800db9d        0x3 
 .rodata        0x000000000800dba0        0x8 ./STM32_SPI.o
 .rodata        0x000000000800dba8       0x44 ./STM32_TIM.o
 .rodata        0x000000000800dbec        0xc ./STM32_ADC.o
 .rodata        0x000000000800dbf8        0xc ./STM32_USART.o
 .rodata        0x000000000800dc04       0xcc ./vsf_usbd.o
 .rodata        0x000000000800dcd0       0x5c ./vsfusbd_CDC.o
                0x000000000800dcd0                vsfusbd_CDCData_class
                0x000000000800dcec                vsfusbd_CDCControl_class
 .rodata        0x000000000800dd2c       0x74 ./vsfusbd_CDCACM.o
                0x000000000800dd2c                vsfusbd_CDCACMData_class
                0x000000000800dd48                vsfusbd_CDCACMControl_class
 *(.rodata*)
 .rodata.str1.1
                0x000000000800dda0       0x11 ./usb_protocol_Versaloon.o
 .rodata.str1.1
                0x000000000800ddb1       0x89 ./app_interfaces.o
 .rodata.str1.1
                0x000000000800de3a       0x31 ./CommandProcessor.o
 *(.glue_7)
 .glue_7        0x000000000800de6b        0x0 linker stubs
 *(.glue_7t)
 .glue_7t       0x000000000800de6b        0x0 linker stubs
 *(.init)
 *fill*         0x000000000800de6b        0x1 
 .init          0x000000000800de6c        0xc /usr/lib/gcc/arm-none-eabi/9.2.1/crti.o
                0x000000000800de6c                _init
 .init          0x000000000800de78        0xc /usr/lib/gcc/arm-none-eabi/9.2.1/crtn.o
 *(.fini)
 .fini          0x000000000800de84        0xc /usr/lib/gcc/arm-none-eabi/9.2.1/crti.o
                0x000000000800de84                _fini
 .fini          0x000000000800de90        0xc /usr/lib/gcc/arm-none-eabi/9.2.1/crtn.o
                0x000000000800de9c                . = ALIGN (0x4)
                0x000000000800de9c                _etext = .
                0x000000000800de9c                _sidata = _etext

.vfp11_veneer   0x000000000800de9c        0x0
 .vfp11_veneer  0x000000000800de9c        0x0 linker stubs

.v4_bx          0x000000000800de9c        0x0
 .v4_bx         0x000000000800de9c        0x0 linker stubs

.iplt           0x000000000800de9c        0x0
 .iplt          0x000000000800de9c        0x0 ./startup_stm32f10x_md.o

.rel.dyn        0x000000000800de9c        0x0
 .rel.iplt      0x000000000800de9c        0x0 ./startup_stm32f10x_md.o

.data           0x0000000020000000      0xc80 load address 0x000000000800de9c
                0x0000000020000000                . = ALIGN (0x4)
                0x0000000020000000                _sdata = .
 *(.data)
 .data          0x0000000020000000       0x14 ./stm32f10x_rcc.o
 .data          0x0000000020000014      0x3af ./usb_protocol_Versaloon.o
                0x0000000020000014                Versaloon_CDCACM_param
                0x000000002000008c                usb_device
                0x00000000200003c0                Versaloon_param
 *fill*         0x00000000200003c3        0x1 
 .data          0x00000000200003c4        0x4 ./app_interfaces.o
                0x00000000200003c4                interfaces
 .data          0x00000000200003c8       0x34 ./USART.o
                0x00000000200003c8                usart_stream_p0
 .data          0x00000000200003fc       0x10 ./JTAG_TAP.o
                0x00000000200003fc                JTAG_TAP_1s
 .data          0x000000002000040c        0x1 ./SWD.o
                0x000000002000040c                SWD_Trn
 *fill*         0x000000002000040d        0x3 
 .data          0x0000000020000410       0x28 ./core.o
 .data          0x0000000020000438        0x2 ./STM32_USBD.o
 *fill*         0x000000002000043a        0x6 
 .data          0x0000000020000440      0x430 /usr/lib/gcc/arm-none-eabi/9.2.1/../../../arm-none-eabi/lib/libc.a(lib_a-impure.o)
                0x0000000020000440                _impure_ptr
 .data          0x0000000020000870      0x410 /usr/lib/gcc/arm-none-eabi/9.2.1/../../../arm-none-eabi/lib/libc.a(lib_a-mallocr.o)
                0x0000000020000870                __malloc_av_
                0x0000000020000c78                __malloc_sbrk_base
                0x0000000020000c7c                __malloc_trim_threshold
 *(.data.*)
                0x0000000020000c80                . = ALIGN (0x4)
                0x0000000020000c80                _edata = .

.igot.plt       0x0000000020000c80        0x0 load address 0x000000000800eb1c
 .igot.plt      0x0000000020000c80        0x0 ./startup_stm32f10x_md.o

.bss            0x0000000020000c80     0x3384 load address 0x000000000800eb1c
                0x0000000020000c80                . = ALIGN (0x4)
                0x0000000020000c80                _sbss = .
 *(.bss)
 .bss           0x0000000020000c80     0x3010 ./vsfusbd_Versaloon.o
                0x0000000020000c80                cmd_len
                0x0000000020000c84                usb_ovf
                0x0000000020000c88                count_out
                0x0000000020000c8c                rep_len
                0x0000000020000c90                asyn_rx_buf
                0x0000000020001c90                buffer_out
 .bss           0x0000000020003c90        0x4 ./syscall.o
 .bss           0x0000000020003c94        0x9 ./SPI.o
 *fill*         0x0000000020003c9d        0x3 
 .bss           0x0000000020003ca0       0xac ./JTAG_TAP.o
                0x0000000020003ca0                JTAG_TAP_Operate_Asyn
                0x0000000020003ca4                JTAG_TAP_TMS_scraplen
                0x0000000020003ca5                JTAG_TAP_TMS_scrap
                0x0000000020003ca8                JTAG_TAP_Operate_RAW
 .bss           0x0000000020003d4c        0xe ./SWD.o
                0x0000000020003d4c                SWD_Delay
                0x0000000020003d50                SWD_SeqOut
                0x0000000020003d54                SWD_SeqIn
                0x0000000020003d58                SWD_Retry
 .bss           0x0000000020003d5a       0x3a ./SWIM.o
 .bss           0x0000000020003d94        0x4 ./MicroWire.o
 .bss           0x0000000020003d98        0x7 ./PowerExt.o
                0x0000000020003d9e                PWREXT_PowerState
 *fill*         0x0000000020003d9f        0x1 
 .bss           0x0000000020003da0        0xa ./IIC.o
                0x0000000020003da8                IIC_Delay
 .bss           0x0000000020003daa      0x11a ./BDM.o
                0x0000000020003daa                BDM_Inited
 .bss           0x0000000020003ec4        0x4 ./PWM.o
 .bss           0x0000000020003ec8       0x6c ./STM32_USBD.o
                0x0000000020003ec8                stm32_usbd_epaddr
                0x0000000020003ed0                stm32_usbd_IN_epsize
                0x0000000020003ee0                stm32_usbd_OUT_epsize
                0x0000000020003ef0                stm32_usbd_IN_dbuffer
                0x0000000020003ef8                stm32_usbd_OUT_dbuffer
                0x0000000020003f00                stm32_usbd_callback
 .bss           0x0000000020003f34       0x40 ./STM32_EINT.o
 .bss           0x0000000020003f74       0x24 ./STM32_USART.o
 .bss           0x0000000020003f98        0x4 ./STM32_SDIO.o
 .bss           0x0000000020003f9c       0x30 ./USB_TO_XXX.o
                0x0000000020003fa4                buffer_reply
                0x0000000020003fa8                USB_TO_POLL_Index
                0x0000000020003fac                USB_TO_POLL_Context
 .bss           0x0000000020003fcc       0x34 /usr/lib/gcc/arm-none-eabi/9.2.1/../../../arm-none-eabi/lib/libc.a(lib_a-mallocr.o)
                0x0000000020003fcc                __malloc_top_pad
                0x0000000020003fd0                __malloc_current_mallinfo
                0x0000000020003ff8                __malloc_max_sbrked_mem
                0x0000000020003ffc                __malloc_max_total_mem
 *(COMMON)
 COMMON         0x0000000020004000        0x4 /usr/lib/gcc/arm-none-eabi/9.2.1/../../../arm-none-eabi/lib/libc.a(lib_a-reent.o)
                0x0000000020004000                errno
                0x0000000020004004                . = ALIGN (0x4)
                0x0000000020004004                _ebss = .
                [!provide]                        PROVIDE (end = _ebss)
                [!provide]                        PROVIDE (_end = _ebss)

._user_heap_stack
                0x0000000020004004      0x400 load address 0x0000000008011ea0
                0x0000000020004004                . = ALIGN (0x4)
                0x0000000020004004                . = (. + _Heap_Size)
                0x0000000020004404                . = (. + _Stack_Size)
 *fill*         0x0000000020004004      0x400 
                0x0000000020004404                . = ALIGN (0x4)

.b1text
 *(.b1text)
 *(.b1rodata)
 *(.b1rodata*)

.eb0text
 *(.eb0text)
 *(.eb0rodata)
 *(.eb0rodata*)

.eb1text
 *(.eb1text)
 *(.eb1rodata)
 *(.eb1rodata*)

.eb2text
 *(.eb2text)
 *(.eb2rodata)
 *(.eb2rodata*)

.eb3text
 *(.eb3text)
 *(.eb3rodata)
 *(.eb3rodata*)
                0x0000000020004404                __exidx_start = .
                0x0000000020004404                __exidx_end = .

/DISCARD/
 libc.a(*)
 libm.a(*)
 libgcc.a(*)

.stab
 *(.stab)

.stabstr
 *(.stabstr)

.stab.excl
 *(.stab.excl)

.stab.exclstr
 *(.stab.exclstr)

.stab.index
 *(.stab.index)

.stab.indexstr
 *(.stab.indexstr)

.comment        0x0000000000000000       0xa7
 *(.comment)
 .comment       0x0000000000000000       0x59 ./core_cm3.o
                                         0x5a (size before relaxing)
 .comment       0x0000000000000059       0x5a ./misc.o
 .comment       0x0000000000000059       0x5a ./stm32f10x_dma.o
 .comment       0x0000000000000059       0x5a ./stm32f10x_gpio.o
 .comment       0x0000000000000059       0x5a ./stm32f10x_rcc.o
 .comment       0x0000000000000059       0x5a ./stm32f10x_spi.o
 .comment       0x0000000000000059       0x5a ./stm32f10x_tim.o
 .comment       0x0000000000000059       0x5a ./usb_mem.o
 .comment       0x0000000000000059       0x5a ./usb_regs.o
 .comment       0x0000000000000059       0x5a ./main.o
 .comment       0x0000000000000059       0x5a ./usb_protocol_Versaloon.o
 .comment       0x0000000000000059       0x5a ./vsfusbd_Versaloon.o
 .comment       0x0000000000000059       0x5a ./compiler_string.o
 .comment       0x0000000000000059       0x5a ./syscall.o
 .comment       0x0000000000000059       0x5a ./app_interfaces.o
 .comment       0x0000000000000059       0x5a ./GPIO.o
 .comment       0x0000000000000059       0x5a ./CLKO.o
 .comment       0x0000000000000059       0x5a ./USART.o
 .comment       0x0000000000000059       0x5a ./SPI.o
 .comment       0x0000000000000059       0x5a ./JTAG_TAP.o
 .comment       0x0000000000000059       0x5a ./SWD.o
 .comment       0x0000000000000059       0x5a ./SWIM.o
 .comment       0x0000000000000059       0x5a ./DUSI.o
 .comment       0x0000000000000059       0x5a ./MicroWire.o
 .comment       0x0000000000000059       0x5a ./PowerExt.o
 .comment       0x0000000000000059       0x5a ./IIC.o
 .comment       0x0000000000000059       0x5a ./C2.o
 .comment       0x0000000000000059       0x5a ./ISSP.o
 .comment       0x0000000000000059       0x5a ./LPC_ICP.o
 .comment       0x0000000000000059       0x5a ./MSP430_JTAG.o
 .comment       0x0000000000000059       0x5a ./BDM.o
 .comment       0x0000000000000059       0x5a ./PWM.o
 .comment       0x0000000000000059       0x5a ./ADC.o
 .comment       0x0000000000000059       0x5a ./interfaces.o
 .comment       0x0000000000000059       0x5a ./core.o
 .comment       0x0000000000000059       0x5a ./STM32_CLKO.o
 .comment       0x0000000000000059       0x5a ./STM32_GPIO.o
 .comment       0x0000000000000059       0x5a ./STM32_USBD.o
 .comment       0x0000000000000059       0x5a ./STM32_SPI.o
 .comment       0x0000000000000059       0x5a ./STM32_TIM.o
 .comment       0x0000000000000059       0x5a ./STM32_EINT.o
 .comment       0x0000000000000059       0x5a ./STM32_ADC.o
 .comment       0x0000000000000059       0x5a ./STM32_USART.o
 .comment       0x0000000000000059       0x5a ./STM32_EBI.o
 .comment       0x0000000000000059       0x5a ./STM32_FLASH.o
 .comment       0x0000000000000059       0x5a ./STM32_SDIO.o
 .comment       0x0000000000000059       0x5a ./usart_stream.o
 .comment       0x0000000000000059       0x5a ./stream.o
 .comment       0x0000000000000059       0x5a ./vsf_usbd.o
 .comment       0x0000000000000059       0x5a ./vsfusbd_CDC.o
 .comment       0x0000000000000059       0x5a ./vsfusbd_CDCACM.o
 .comment       0x0000000000000059       0x5a ./buffer.o
 .comment       0x0000000000000059       0x5a ./USB_TO_XXX.o
 .comment       0x0000000000000059       0x5a ./USB_TO_CLKO.o
 .comment       0x0000000000000059       0x5a ./USB_TO_SPI.o
 .comment       0x0000000000000059       0x5a ./USB_TO_IIC.o
 .comment       0x0000000000000059       0x5a ./USB_TO_GPIO.o
 .comment       0x0000000000000059       0x5a ./USB_TO_PWM.o
 .comment       0x0000000000000059       0x5a ./USB_TO_ADC.o
 .comment       0x0000000000000059       0x5a ./USB_TO_POWER.o
 .comment       0x0000000000000059       0x5a ./USB_TO_C2.o
 .comment       0x0000000000000059       0x5a ./USB_TO_ISSP.o
 .comment       0x0000000000000059       0x5a ./USB_TO_LPCICP.o
 .comment       0x0000000000000059       0x5a ./USB_TO_MSP430_JTAG.o
 .comment       0x0000000000000059       0x5a ./USB_TO_JTAG_HL.o
 .comment       0x0000000000000059       0x5a ./USB_TO_SWD.o
 .comment       0x0000000000000059       0x5a ./USB_TO_JTAG_LL.o
 .comment       0x0000000000000059       0x5a ./USB_TO_SWIM.o
 .comment       0x0000000000000059       0x5a ./USB_TO_JTAG_RAW.o
 .comment       0x0000000000000059       0x5a ./USB_TO_BDM.o
 .comment       0x0000000000000059       0x5a ./USB_TO_DUSI.o
 .comment       0x0000000000000059       0x5a ./USB_TO_MICROWIRE.o
 .comment       0x0000000000000059       0x5a ./CommandProcessor.o
 .comment       0x0000000000000059       0x4e /usr/lib/gcc/arm-none-eabi/9.2.1/../../../arm-none-eabi/lib/libc.a(lib_a-impure.o)
                                         0x4f (size before relaxing)
 .comment       0x00000000000000a7       0x4f /usr/lib/gcc/arm-none-eabi/9.2.1/../../../arm-none-eabi/lib/libc.a(lib_a-malloc.o)
 .comment       0x00000000000000a7       0x4f /usr/lib/gcc/arm-none-eabi/9.2.1/../../../arm-none-eabi/lib/libc.a(lib_a-mallocr.o)
 .comment       0x00000000000000a7       0x4f /usr/lib/gcc/arm-none-eabi/9.2.1/../../../arm-none-eabi/lib/libc.a(lib_a-mlock.o)
 .comment       0x00000000000000a7       0x4f /usr/lib/gcc/arm-none-eabi/9.2.1/../../../arm-none-eabi/lib/libc.a(lib_a-sbrkr.o)
 .comment       0x00000000000000a7       0x4f /usr/lib/gcc/arm-none-eabi/9.2.1/../../../arm-none-eabi/lib/libc.a(lib_a-freer.o)
 .comment       0x00000000000000a7       0x4f /usr/lib/gcc/arm-none-eabi/9.2.1/../../../arm-none-eabi/lib/libc.a(lib_a-reent.o)

.ARM.attributes
                0x0000000000000000       0x33
 .ARM.attributes
                0x0000000000000000       0x1c /usr/lib/gcc/arm-none-eabi/9.2.1/crti.o
 .ARM.attributes
                0x000000000000001c       0x21 ./startup_stm32f10x_md.o
 .ARM.attributes
                0x000000000000003d       0x2d ./core_cm3.o
 .ARM.attributes
                0x000000000000006a       0x2d ./misc.o
 .ARM.attributes
                0x0000000000000097       0x2d ./stm32f10x_dma.o
 .ARM.attributes
                0x00000000000000c4       0x2d ./stm32f10x_gpio.o
 .ARM.attributes
                0x00000000000000f1       0x2d ./stm32f10x_rcc.o
 .ARM.attributes
                0x000000000000011e       0x2d ./stm32f10x_spi.o
 .ARM.attributes
                0x000000000000014b       0x2d ./stm32f10x_tim.o
 .ARM.attributes
                0x0000000000000178       0x2d ./usb_mem.o
 .ARM.attributes
                0x00000000000001a5       0x2d ./usb_regs.o
 .ARM.attributes
                0x00000000000001d2       0x2d ./main.o
 .ARM.attributes
                0x00000000000001ff       0x2d ./usb_protocol_Versaloon.o
 .ARM.attributes
                0x000000000000022c       0x2d ./vsfusbd_Versaloon.o
 .ARM.attributes
                0x0000000000000259       0x2d ./compiler_string.o
 .ARM.attributes
                0x0000000000000286       0x2d ./syscall.o
 .ARM.attributes
                0x00000000000002b3       0x2d ./app_interfaces.o
 .ARM.attributes
                0x00000000000002e0       0x2d ./GPIO.o
 .ARM.attributes
                0x000000000000030d       0x2d ./CLKO.o
 .ARM.attributes
                0x000000000000033a       0x2d ./USART.o
 .ARM.attributes
                0x0000000000000367       0x2d ./SPI.o
 .ARM.attributes
                0x0000000000000394       0x2d ./JTAG_TAP.o
 .ARM.attributes
                0x00000000000003c1       0x2d ./SWD.o
 .ARM.attributes
                0x00000000000003ee       0x2d ./SWIM.o
 .ARM.attributes
                0x000000000000041b       0x2d ./DUSI.o
 .ARM.attributes
                0x0000000000000448       0x2d ./MicroWire.o
 .ARM.attributes
                0x0000000000000475       0x2d ./PowerExt.o
 .ARM.attributes
                0x00000000000004a2       0x2d ./IIC.o
 .ARM.attributes
                0x00000000000004cf       0x2d ./C2.o
 .ARM.attributes
                0x00000000000004fc       0x2d ./ISSP.o
 .ARM.attributes
                0x0000000000000529       0x2d ./LPC_ICP.o
 .ARM.attributes
                0x0000000000000556       0x2d ./MSP430_JTAG.o
 .ARM.attributes
                0x0000000000000583       0x2d ./BDM.o
 .ARM.attributes
                0x00000000000005b0       0x2d ./PWM.o
 .ARM.attributes
                0x00000000000005dd       0x2d ./ADC.o
 .ARM.attributes
                0x000000000000060a       0x2d ./interfaces.o
 .ARM.attributes
                0x0000000000000637       0x2d ./core.o
 .ARM.attributes
                0x0000000000000664       0x2d ./STM32_CLKO.o
 .ARM.attributes
                0x0000000000000691       0x2d ./STM32_GPIO.o
 .ARM.attributes
                0x00000000000006be       0x2d ./STM32_USBD.o
 .ARM.attributes
                0x00000000000006eb       0x2d ./STM32_SPI.o
 .ARM.attributes
                0x0000000000000718       0x2d ./STM32_TIM.o
 .ARM.attributes
                0x0000000000000745       0x2d ./STM32_EINT.o
 .ARM.attributes
                0x0000000000000772       0x2d ./STM32_ADC.o
 .ARM.attributes
                0x000000000000079f       0x2d ./STM32_USART.o
 .ARM.attributes
                0x00000000000007cc       0x2d ./STM32_EBI.o
 .ARM.attributes
                0x00000000000007f9       0x2d ./STM32_FLASH.o
 .ARM.attributes
                0x0000000000000826       0x2d ./STM32_SDIO.o
 .ARM.attributes
                0x0000000000000853       0x2d ./usart_stream.o
 .ARM.attributes
                0x0000000000000880       0x2d ./stream.o
 .ARM.attributes
                0x00000000000008ad       0x2d ./vsf_usbd.o
 .ARM.attributes
                0x00000000000008da       0x2d ./vsfusbd_CDC.o
 .ARM.attributes
                0x0000000000000907       0x2d ./vsfusbd_CDCACM.o
 .ARM.attributes
                0x0000000000000934       0x2d ./buffer.o
 .ARM.attributes
                0x0000000000000961       0x2d ./USB_TO_XXX.o
 .ARM.attributes
                0x000000000000098e       0x2d ./USB_TO_CLKO.o
 .ARM.attributes
                0x00000000000009bb       0x2d ./USB_TO_SPI.o
 .ARM.attributes
                0x00000000000009e8       0x2d ./USB_TO_IIC.o
 .ARM.attributes
                0x0000000000000a15       0x2d ./USB_TO_GPIO.o
 .ARM.attributes
                0x0000000000000a42       0x2d ./USB_TO_PWM.o
 .ARM.attributes
                0x0000000000000a6f       0x2d ./USB_TO_ADC.o
 .ARM.attributes
                0x0000000000000a9c       0x2d ./USB_TO_POWER.o
 .ARM.attributes
                0x0000000000000ac9       0x2d ./USB_TO_C2.o
 .ARM.attributes
                0x0000000000000af6       0x2d ./USB_TO_ISSP.o
 .ARM.attributes
                0x0000000000000b23       0x2d ./USB_TO_LPCICP.o
 .ARM.attributes
                0x0000000000000b50       0x2d ./USB_TO_MSP430_JTAG.o
 .ARM.attributes
                0x0000000000000b7d       0x2d ./USB_TO_JTAG_HL.o
 .ARM.attributes
                0x0000000000000baa       0x2d ./USB_TO_SWD.o
 .ARM.attributes
                0x0000000000000bd7       0x2d ./USB_TO_JTAG_LL.o
 .ARM.attributes
                0x0000000000000c04       0x2d ./USB_TO_SWIM.o
 .ARM.attributes
                0x0000000000000c31       0x2d ./USB_TO_JTAG_RAW.o
 .ARM.attributes
                0x0000000000000c5e       0x2d ./USB_TO_BDM.o
 .ARM.attributes
                0x0000000000000c8b       0x2d ./USB_TO_DUSI.o
 .ARM.attributes
                0x0000000000000cb8       0x2d ./USB_TO_MICROWIRE.o
 .ARM.attributes
                0x0000000000000ce5       0x2d ./CommandProcessor.o
 .ARM.attributes
                0x0000000000000d12       0x30 /usr/lib/gcc/arm-none-eabi/9.2.1/../../../arm-none-eabi/lib/libc.a(lib_a-impure.o)
 .ARM.attributes
                0x0000000000000d42       0x2a /usr/lib/gcc/arm-none-eabi/9.2.1/../../../arm-none-eabi/lib/libc.a(lib_a-malloc.o)
 .ARM.attributes
                0x0000000000000d6c       0x2a /usr/lib/gcc/arm-none-eabi/9.2.1/../../../arm-none-eabi/lib/libc.a(lib_a-mallocr.o)
 .ARM.attributes
                0x0000000000000d96       0x2a /usr/lib/gcc/arm-none-eabi/9.2.1/../../../arm-none-eabi/lib/libc.a(lib_a-mlock.o)
 .ARM.attributes
                0x0000000000000dc0       0x2a /usr/lib/gcc/arm-none-eabi/9.2.1/../../../arm-none-eabi/lib/libc.a(lib_a-sbrkr.o)
 .ARM.attributes
                0x0000000000000dea       0x2a /usr/lib/gcc/arm-none-eabi/9.2.1/../../../arm-none-eabi/lib/libc.a(lib_a-freer.o)
 .ARM.attributes
                0x0000000000000e14       0x2a /usr/lib/gcc/arm-none-eabi/9.2.1/../../../arm-none-eabi/lib/libc.a(lib_a-reent.o)
 .ARM.attributes
                0x0000000000000e3e       0x1c /usr/lib/gcc/arm-none-eabi/9.2.1/crtn.o

.debug
 *(.debug)

.line
 *(.line)

.debug_srcinfo
 *(.debug_srcinfo)

.debug_sfnames
 *(.debug_sfnames)

.debug_aranges  0x0000000000000000      0xa20
 *(.debug_aranges)
 .debug_aranges
                0x0000000000000000       0x28 ./startup_stm32f10x_md.o
 .debug_aranges
                0x0000000000000028       0x20 ./core_cm3.o
 .debug_aranges
                0x0000000000000048       0x20 ./misc.o
 .debug_aranges
                0x0000000000000068       0x20 ./stm32f10x_dma.o
 .debug_aranges
                0x0000000000000088       0x20 ./stm32f10x_gpio.o
 .debug_aranges
                0x00000000000000a8       0x20 ./stm32f10x_rcc.o
 .debug_aranges
                0x00000000000000c8       0x20 ./stm32f10x_spi.o
 .debug_aranges
                0x00000000000000e8       0x20 ./stm32f10x_tim.o
 .debug_aranges
                0x0000000000000108       0x20 ./usb_mem.o
 .debug_aranges
                0x0000000000000128       0x20 ./usb_regs.o
 .debug_aranges
                0x0000000000000148       0x20 ./main.o
 .debug_aranges
                0x0000000000000168       0x20 ./usb_protocol_Versaloon.o
 .debug_aranges
                0x0000000000000188       0x20 ./vsfusbd_Versaloon.o
 .debug_aranges
                0x00000000000001a8       0x20 ./compiler_string.o
 .debug_aranges
                0x00000000000001c8       0x20 ./syscall.o
 .debug_aranges
                0x00000000000001e8       0x20 ./app_interfaces.o
 .debug_aranges
                0x0000000000000208       0x20 ./GPIO.o
 .debug_aranges
                0x0000000000000228       0x20 ./CLKO.o
 .debug_aranges
                0x0000000000000248       0x20 ./USART.o
 .debug_aranges
                0x0000000000000268       0x20 ./SPI.o
 .debug_aranges
                0x0000000000000288       0x20 ./JTAG_TAP.o
 .debug_aranges
                0x00000000000002a8       0x20 ./SWD.o
 .debug_aranges
                0x00000000000002c8       0x20 ./SWIM.o
 .debug_aranges
                0x00000000000002e8       0x20 ./DUSI.o
 .debug_aranges
                0x0000000000000308       0x20 ./MicroWire.o
 .debug_aranges
                0x0000000000000328       0x20 ./PowerExt.o
 .debug_aranges
                0x0000000000000348       0x20 ./IIC.o
 .debug_aranges
                0x0000000000000368       0x20 ./C2.o
 .debug_aranges
                0x0000000000000388       0x20 ./ISSP.o
 .debug_aranges
                0x00000000000003a8       0x20 ./LPC_ICP.o
 .debug_aranges
                0x00000000000003c8       0x20 ./MSP430_JTAG.o
 .debug_aranges
                0x00000000000003e8       0x20 ./BDM.o
 .debug_aranges
                0x0000000000000408       0x20 ./PWM.o
 .debug_aranges
                0x0000000000000428       0x20 ./ADC.o
 .debug_aranges
                0x0000000000000448       0x20 ./interfaces.o
 .debug_aranges
                0x0000000000000468       0x20 ./core.o
 .debug_aranges
                0x0000000000000488       0x20 ./STM32_CLKO.o
 .debug_aranges
                0x00000000000004a8       0x20 ./STM32_GPIO.o
 .debug_aranges
                0x00000000000004c8       0x20 ./STM32_USBD.o
 .debug_aranges
                0x00000000000004e8       0x20 ./STM32_SPI.o
 .debug_aranges
                0x0000000000000508       0x20 ./STM32_TIM.o
 .debug_aranges
                0x0000000000000528       0x20 ./STM32_EINT.o
 .debug_aranges
                0x0000000000000548       0x20 ./STM32_ADC.o
 .debug_aranges
                0x0000000000000568       0x20 ./STM32_USART.o
 .debug_aranges
                0x0000000000000588       0x20 ./STM32_EBI.o
 .debug_aranges
                0x00000000000005a8       0x20 ./STM32_FLASH.o
 .debug_aranges
                0x00000000000005c8       0x20 ./STM32_SDIO.o
 .debug_aranges
                0x00000000000005e8       0x20 ./usart_stream.o
 .debug_aranges
                0x0000000000000608       0x20 ./stream.o
 .debug_aranges
                0x0000000000000628       0x20 ./vsf_usbd.o